
Report matrix summary
=====================
Modes (each scenario): native_cpu native_gpu starpu_hybrid
StarPU scheduler: ${STARPU_SCHED:-dmda}

matmul       N=512 2048 8192  tile=256  -> 9 runs
independent  tasks=500 3000 5000  block=4096  -> 9 runs
heterogeneous tasks=1000 3000 5000
              light 0.5 / medium 0.3 / heavy 0.2
              sizes 2048 / 16384 / 65536  -> 9 runs
image        7680 4320 15360 8640 30720 17280  op=blur mixed-ops  -> 9 runs

Total: 36 benchmark runs
Results: results/report/*.json
Log: /home/nikitos/task_scheduler/results/report_run.log

Note: matmul 8192 native_cpu and image 32K may take a long time.

Started вс 07 июнь 2026 18:45:46 MSK
=== matmul (sizes: 512 2048 8192, tile=256) ===
--- matmul mode=native_cpu size=512 ---
Running bench_matmul with args: --mode native_cpu --size 512 --tile-size 256 --output /home/nikitos/task_scheduler/results/report/matmul_native_cpu_512.json
System metrics -> /home/nikitos/task_scheduler/results/system_matmul_20260607_184546.csv
bench_matmul: n=512 tile=256 tasks=1 mode=native_cpu time=758.289 ms gflops=0.35 -> /home/nikitos/task_scheduler/results/report/matmul_native_cpu_512.json
=== Run summary ===
Scenario: matmul  mode: native_cpu
Params: size=512, submitted_tasks=1, tile_size=256

--- Memory ---
RAM:  used avg=300 MB  max=300 MB  of 8188 MB (3.7% peak)
VRAM: used avg=75 MB  max=75 MB  of 0 MB (0.0% peak)

--- Utilization ---
GPU compute util: avg=1.0%  max=1.0%  samples=1
CPU total: usr avg=7.0% max=7.0% | sys avg=31.0% max=31.0% | samples=1

--- CPU cores ---
Per-core load (sorted by peak used %%):
  core 10: avg= 71.0%  peak= 71.0%  (usr=89.0 sys=29.0) samples=1  <- active
  core  8: avg= 45.0%  peak= 45.0%  (usr=0.0 sys=0.0) samples=1  <- active
  core  2: avg= 14.0%  peak= 14.0%  (usr=0.0 sys=0.0) samples=1  <- active
  core  9: avg=  0.0%  peak=  0.0%  (usr=0.0 sys=0.0) samples=1
  core  7: avg=  0.0%  peak=  0.0%  (usr=0.0 sys=0.0) samples=1
  core  6: avg=  0.0%  peak=  0.0%  (usr=0.0 sys=0.0) samples=1
  core  5: avg=  0.0%  peak=  0.0%  (usr=0.0 sys=0.0) samples=1
  core  4: avg=  0.0%  peak=  0.0%  (usr=0.0 sys=0.0) samples=1
  core  3: avg=  0.0%  peak=  0.0%  (usr=0.0 sys=0.0) samples=1
  core 11: avg=  0.0%  peak=  0.0%  (usr=0.0 sys=0.0) samples=1
  core  1: avg=  0.0%  peak=  0.0%  (usr=0.0 sys=0.0) samples=1
  core  0: avg=  0.0%  peak=  0.0%  (usr=0.0 sys=0.0) samples=1

Active cores (avg>=5% or peak>=20%): CPU10, CPU8, CPU2
Mostly idle: CPU9, CPU7, CPU6, CPU5, CPU4, CPU3, CPU11, CPU1
  ... and 1 more idle cores
All cores: avg used=10.8%  peak on one core=71.0%

--- Timing / overhead ---
Total wall time: 758.3 ms
Native path: no StarPU phase breakdown (total = compute + I/O)
Performance: 0.35 GFLOPS
Tasks/tiles: 1

--- Metrics files ---
  /home/nikitos/task_scheduler/results/system_matmul_20260607_184546.csv
  /home/nikitos/task_scheduler/results/system_matmul_20260607_184546_cores.csv
  /home/nikitos/task_scheduler/results/report/matmul_native_cpu_512.json
--- matmul mode=native_cpu size=2048 ---
Running bench_matmul with args: --mode native_cpu --size 2048 --tile-size 256 --output /home/nikitos/task_scheduler/results/report/matmul_native_cpu_2048.json
System metrics -> /home/nikitos/task_scheduler/results/system_matmul_20260607_184547.csv
bench_matmul: n=2048 tile=256 tasks=1 mode=native_cpu time=228441.482 ms gflops=0.08 -> /home/nikitos/task_scheduler/results/report/matmul_native_cpu_2048.json
=== Run summary ===
Scenario: matmul  mode: native_cpu
Params: size=2048, submitted_tasks=1, tile_size=256

--- Memory ---
RAM:  used avg=299 MB  max=349 MB  of 8188 MB (4.3% peak)
VRAM: used avg=52 MB  max=92 MB  of 0 MB (0.0% peak)

--- Utilization ---
GPU compute util: avg=0.6%  max=7.0%  samples=354
CPU total: usr avg=8.1% max=12.0% | sys avg=48.8% max=99.0% | samples=354

--- CPU cores ---
Per-core load (sorted by peak used %%):
  core  6: avg= 20.9%  peak= 90.0%  (usr=0.3 sys=3.4) samples=355  <- active
  core  0: avg= 20.3%  peak= 90.0%  (usr=0.3 sys=3.7) samples=355  <- active
  core  7: avg= 20.2%  peak= 90.0%  (usr=0.2 sys=3.0) samples=354  <- active
  core  2: avg= 20.2%  peak= 90.0%  (usr=0.3 sys=3.4) samples=355  <- active
  core  1: avg= 19.7%  peak= 90.0%  (usr=0.3 sys=4.0) samples=355  <- active
  core  8: avg= 17.0%  peak= 90.0%  (usr=0.4 sys=3.9) samples=354  <- active
  core 10: avg=  0.6%  peak= 90.0%  (usr=43.1 sys=1.5) samples=354  <- active
  core  5: avg=  5.7%  peak= 67.0%  (usr=0.1 sys=1.0) samples=355  <- active
  core  9: avg=  7.2%  peak= 57.0%  (usr=1.5 sys=1.8) samples=354  <- active
  core 11: avg=  4.8%  peak= 45.0%  (usr=0.1 sys=1.2) samples=354  <- active
  core  3: avg=  3.8%  peak= 45.0%  (usr=5.6 sys=0.9) samples=355  <- active
  core  4: avg=  0.4%  peak= 45.0%  (usr=49.9 sys=1.5) samples=355  <- active

Active cores (avg>=5% or peak>=20%): CPU6, CPU0, CPU7, CPU2, CPU1, CPU8, CPU10, CPU5, CPU9, CPU11, CPU3, CPU4
All cores: avg used=11.7%  peak on one core=90.0%

--- Timing / overhead ---
Total wall time: 228441.5 ms
Native path: no StarPU phase breakdown (total = compute + I/O)
Performance: 0.08 GFLOPS
Tasks/tiles: 1

--- Metrics files ---
  /home/nikitos/task_scheduler/results/system_matmul_20260607_184547.csv
  /home/nikitos/task_scheduler/results/system_matmul_20260607_184547_cores.csv
  /home/nikitos/task_scheduler/results/report/matmul_native_cpu_2048.json
--- matmul mode=native_cpu size=8192 ---
Running bench_matmul with args: --mode native_cpu --size 8192 --tile-size 256 --output /home/nikitos/task_scheduler/results/report/matmul_native_cpu_8192.json
System metrics -> /home/nikitos/task_scheduler/results/system_matmul_20260607_184936.csv
bench_matmul: n=8192 tile=256 tasks=1 mode=native_cpu time=53002021.954 ms gflops=0.02 -> /home/nikitos/task_scheduler/results/report/matmul_native_cpu_8192.json
=== Run summary ===
Scenario: matmul  mode: native_cpu
Params: size=8192, submitted_tasks=1, tile_size=256

--- Memory ---
RAM:  used avg=262 MB  max=287 MB  of 8188 MB (3.5% peak)
VRAM: used avg=50 MB  max=99 MB  of 0 MB (0.0% peak)

--- Utilization ---
GPU compute util: avg=0.8%  max=8.0%  samples=82234
CPU total: usr avg=8.0% max=21.0% | sys avg=49.6% max=99.0% | samples=82234

--- CPU cores ---
Per-core load (sorted by peak used %%):
  core  6: avg= 17.5%  peak= 93.0%  (usr=3.1 sys=3.4) samples=82237  <- active
  core  1: avg= 18.4%  peak= 90.0%  (usr=1.0 sys=3.6) samples=82237  <- active
  core  0: avg= 18.0%  peak= 90.0%  (usr=9.0 sys=3.7) samples=82237  <- active
  core  7: avg= 17.8%  peak= 90.0%  (usr=0.5 sys=3.4) samples=82237  <- active
  core  2: avg= 17.7%  peak= 90.0%  (usr=3.1 sys=3.4) samples=82237  <- active
  core  8: avg= 17.4%  peak= 90.0%  (usr=2.2 sys=3.4) samples=82237  <- active
  core  4: avg=  8.3%  peak= 90.0%  (usr=0.6 sys=1.5) samples=82237  <- active
  core 10: avg=  7.8%  peak= 90.0%  (usr=0.5 sys=1.5) samples=82237  <- active
  core 11: avg=  7.3%  peak= 90.0%  (usr=6.6 sys=1.6) samples=82237  <- active
  core  5: avg=  7.2%  peak= 90.0%  (usr=7.3 sys=1.6) samples=82237  <- active
  core  9: avg=  4.5%  peak= 90.0%  (usr=29.2 sys=2.1) samples=82237  <- active
  core  3: avg=  4.4%  peak= 90.0%  (usr=38.8 sys=2.1) samples=82237  <- active

Active cores (avg>=5% or peak>=20%): CPU6, CPU1, CPU0, CPU7, CPU2, CPU8, CPU4, CPU10, CPU11, CPU5, CPU9, CPU3
All cores: avg used=12.2%  peak on one core=93.0%

--- Timing / overhead ---
Total wall time: 53002022.0 ms
Native path: no StarPU phase breakdown (total = compute + I/O)
Performance: 0.02 GFLOPS
Tasks/tiles: 1

--- Metrics files ---
  /home/nikitos/task_scheduler/results/system_matmul_20260607_184936.csv
  /home/nikitos/task_scheduler/results/system_matmul_20260607_184936_cores.csv
  /home/nikitos/task_scheduler/results/report/matmul_native_cpu_8192.json
--- matmul mode=native_gpu size=512 ---
Running bench_matmul with args: --mode native_gpu --size 512 --tile-size 256 --output /home/nikitos/task_scheduler/results/report/matmul_native_gpu_512.json
System metrics -> /home/nikitos/task_scheduler/results/system_matmul_20260608_093306.csv
bench_matmul: n=512 tile=256 tasks=1 mode=native_gpu time=206.236 ms gflops=1.30 -> /home/nikitos/task_scheduler/results/report/matmul_native_gpu_512.json
=== Run summary ===
Scenario: matmul  mode: native_gpu
Params: size=512, submitted_tasks=1, tile_size=256

--- Memory ---
RAM:  used avg=285 MB  max=285 MB  of 8188 MB (3.5% peak)
VRAM: used avg=86 MB  max=86 MB  of 0 MB (0.0% peak)

--- Utilization ---
GPU compute util: avg=8.0%  max=8.0%  samples=1
CPU total: usr avg=1.0% max=1.0% | sys avg=14.0% max=14.0% | samples=1

--- CPU cores ---
Per-core load (sorted by peak used %%):
  core 11: avg= 67.0%  peak= 67.0%  (usr=10.0 sys=0.0) samples=1  <- active
  core  1: avg= 24.0%  peak= 24.0%  (usr=0.0 sys=0.0) samples=1  <- active
  core  9: avg=  0.0%  peak=  0.0%  (usr=0.0 sys=0.0) samples=1
  core  8: avg=  0.0%  peak=  0.0%  (usr=0.0 sys=0.0) samples=1
  core  7: avg=  0.0%  peak=  0.0%  (usr=0.0 sys=0.0) samples=1
  core  6: avg=  0.0%  peak=  0.0%  (usr=0.0 sys=0.0) samples=1
  core  5: avg=  0.0%  peak=  0.0%  (usr=0.0 sys=0.0) samples=1
  core  4: avg=  0.0%  peak=  0.0%  (usr=0.0 sys=0.0) samples=1
  core  3: avg=  0.0%  peak=  0.0%  (usr=0.0 sys=0.0) samples=1
  core  2: avg=  0.0%  peak=  0.0%  (usr=0.0 sys=0.0) samples=1
  core 10: avg=  0.0%  peak=  0.0%  (usr=0.0 sys=0.0) samples=1
  core  0: avg=  0.0%  peak=  0.0%  (usr=3.0 sys=33.0) samples=1

Active cores (avg>=5% or peak>=20%): CPU11, CPU1
Mostly idle: CPU9, CPU8, CPU7, CPU6, CPU5, CPU4, CPU3, CPU2
  ... and 2 more idle cores
All cores: avg used=7.6%  peak on one core=67.0%

--- Timing / overhead ---
Total wall time: 206.2 ms
Native path: no StarPU phase breakdown (total = compute + I/O)
Performance: 1.30 GFLOPS
Tasks/tiles: 1

--- Metrics files ---
  /home/nikitos/task_scheduler/results/system_matmul_20260608_093306.csv
  /home/nikitos/task_scheduler/results/system_matmul_20260608_093306_cores.csv
  /home/nikitos/task_scheduler/results/report/matmul_native_gpu_512.json
--- matmul mode=native_gpu size=2048 ---
Running bench_matmul with args: --mode native_gpu --size 2048 --tile-size 256 --output /home/nikitos/task_scheduler/results/report/matmul_native_gpu_2048.json
System metrics -> /home/nikitos/task_scheduler/results/system_matmul_20260608_093307.csv
bench_matmul: n=2048 tile=256 tasks=1 mode=native_gpu time=246.910 ms gflops=69.58 -> /home/nikitos/task_scheduler/results/report/matmul_native_gpu_2048.json
=== Run summary ===
Scenario: matmul  mode: native_gpu
Params: size=2048, submitted_tasks=1, tile_size=256

--- Memory ---
RAM:  used avg=285 MB  max=285 MB  of 8188 MB (3.5% peak)
VRAM: used avg=4 MB  max=4 MB  of 0 MB (0.0% peak)

--- Utilization ---
GPU compute util: avg=7.0%  max=7.0%  samples=1
CPU total: usr avg=3.0% max=3.0% | sys avg=23.0% max=23.0% | samples=1

--- CPU cores ---
Per-core load (sorted by peak used %%):
  core  8: avg= 45.0%  peak= 45.0%  (usr=0.0 sys=0.0) samples=1  <- active
  core  1: avg= 45.0%  peak= 45.0%  (usr=0.0 sys=0.0) samples=1  <- active
  core  7: avg= 29.0%  peak= 29.0%  (usr=0.0 sys=0.0) samples=1  <- active
  core  9: avg=  7.0%  peak=  7.0%  (usr=37.0 sys=93.0) samples=1  <- active
  core  6: avg=  0.0%  peak=  0.0%  (usr=0.0 sys=0.0) samples=1
  core  5: avg=  0.0%  peak=  0.0%  (usr=0.0 sys=0.0) samples=1
  core  4: avg=  0.0%  peak=  0.0%  (usr=0.0 sys=0.0) samples=1
  core  3: avg=  0.0%  peak=  0.0%  (usr=0.0 sys=0.0) samples=1
  core  2: avg=  0.0%  peak=  0.0%  (usr=0.0 sys=0.0) samples=1
  core 11: avg=  0.0%  peak=  0.0%  (usr=0.0 sys=0.0) samples=1
  core 10: avg=  0.0%  peak=  0.0%  (usr=0.0 sys=0.0) samples=1
  core  0: avg=  0.0%  peak=  0.0%  (usr=0.0 sys=0.0) samples=1

Active cores (avg>=5% or peak>=20%): CPU8, CPU1, CPU7, CPU9
Mostly idle: CPU6, CPU5, CPU4, CPU3, CPU2, CPU11, CPU10, CPU0
All cores: avg used=10.5%  peak on one core=45.0%

--- Timing / overhead ---
Total wall time: 246.9 ms
Native path: no StarPU phase breakdown (total = compute + I/O)
Performance: 69.58 GFLOPS
Tasks/tiles: 1

--- Metrics files ---
  /home/nikitos/task_scheduler/results/system_matmul_20260608_093307.csv
  /home/nikitos/task_scheduler/results/system_matmul_20260608_093307_cores.csv
  /home/nikitos/task_scheduler/results/report/matmul_native_gpu_2048.json
--- matmul mode=native_gpu size=8192 ---
Running bench_matmul with args: --mode native_gpu --size 8192 --tile-size 256 --output /home/nikitos/task_scheduler/results/report/matmul_native_gpu_8192.json
System metrics -> /home/nikitos/task_scheduler/results/system_matmul_20260608_093307.csv
bench_matmul: n=8192 tile=256 tasks=1 mode=native_gpu time=4647.016 ms gflops=236.61 -> /home/nikitos/task_scheduler/results/report/matmul_native_gpu_8192.json
=== Run summary ===
Scenario: matmul  mode: native_gpu
Params: size=8192, submitted_tasks=1, tile_size=256

--- Memory ---
RAM:  used avg=1327 MB  max=1923 MB  of 8188 MB (23.5% peak)
VRAM: used avg=62 MB  max=94 MB  of 100 MB (94.0% peak)

--- Utilization ---
GPU compute util: avg=1.6%  max=7.0%  samples=11
CPU total: usr avg=7.0% max=8.0% | sys avg=50.3% max=77.0% | samples=11

--- CPU cores ---
Per-core load (sorted by peak used %%):
  core  1: avg= 30.8%  peak= 90.0%  (usr=0.8 sys=12.3) samples=11  <- active
  core  0: avg= 28.6%  peak= 90.0%  (usr=0.3 sys=4.1) samples=11  <- active
  core  7: avg= 17.9%  peak= 86.0%  (usr=0.3 sys=3.0) samples=11  <- active
  core  8: avg= 20.5%  peak= 67.0%  (usr=0.0 sys=0.0) samples=11  <- active
  core  4: avg=  6.1%  peak= 67.0%  (usr=0.3 sys=3.0) samples=11  <- active
  core  2: avg= 26.7%  peak= 57.0%  (usr=0.0 sys=0.0) samples=11  <- active
  core  6: avg= 15.3%  peak= 45.0%  (usr=0.3 sys=4.1) samples=11  <- active
  core 10: avg=  4.1%  peak= 45.0%  (usr=0.0 sys=0.0) samples=11  <- active
  core  9: avg=  3.0%  peak= 33.0%  (usr=19.1 sys=3.1) samples=11  <- active
  core 11: avg=  3.0%  peak= 33.0%  (usr=0.0 sys=0.0) samples=11  <- active
  core  3: avg=  5.2%  peak= 29.0%  (usr=68.5 sys=20.8) samples=11  <- active
  core  5: avg=  0.0%  peak=  0.0%  (usr=0.0 sys=0.0) samples=11

Active cores (avg>=5% or peak>=20%): CPU1, CPU0, CPU7, CPU8, CPU4, CPU2, CPU6, CPU10, CPU9, CPU11, CPU3
Mostly idle: CPU5
All cores: avg used=13.4%  peak on one core=90.0%

--- Timing / overhead ---
Total wall time: 4647.0 ms
Native path: no StarPU phase breakdown (total = compute + I/O)
Performance: 236.61 GFLOPS
Tasks/tiles: 1

--- Metrics files ---
  /home/nikitos/task_scheduler/results/system_matmul_20260608_093307.csv
  /home/nikitos/task_scheduler/results/system_matmul_20260608_093307_cores.csv
  /home/nikitos/task_scheduler/results/report/matmul_native_gpu_8192.json
--- matmul mode=starpu_hybrid size=512 ---
Running bench_matmul with args: --mode starpu_hybrid --size 512 --tile-size 256 --output /home/nikitos/task_scheduler/results/report/matmul_starpu_hybrid_512.json
System metrics -> /home/nikitos/task_scheduler/results/system_matmul_20260608_093314.csv
Authorization required, but no authorization protocol specified

[starpu][_starpu_init_cuda_config] Warning: could not find location of CUDA0, do you have the hwloc CUDA plugin installed?
[starpu][__starpu_history_based_job_expected_perf] Warning: model matmul_tile is not calibrated enough for cuda0_impl0 (Comb0) size 4718592 footprint 715a9563 (only 0 measurements), forcing calibration for this run. Use the STARPU_CALIBRATE environment variable to control this. You probably need to run again to continue calibrating the model, until this warning disappears.
[starpu][starpu_interface_end_driver_copy_async] Warning: the submission of asynchronous transfer from NUMA 0 to CUDA 0 took a very long time (0.303885 ms)
For proper asynchronous transfer overlapping, data registered to StarPU must be allocated with starpu_malloc() or pinned with starpu_memory_pin()
bench_matmul: n=512 tile=256 tasks=4 mode=starpu_hybrid time=380.179 ms gflops=0.71 -> /home/nikitos/task_scheduler/results/report/matmul_starpu_hybrid_512.json
=== Run summary ===
Scenario: matmul  mode: starpu_hybrid
Params: size=512, starpu_sched=dmda, submitted_tasks=4, tile_size=256

--- Memory ---
RAM:  used avg=285 MB  max=285 MB  of 8188 MB (3.5% peak)
VRAM: used avg=62 MB  max=62 MB  of 0 MB (0.0% peak)

--- Utilization ---
GPU compute util: avg=7.0%  max=7.0%  samples=1
CPU total: usr avg=27.0% max=27.0% | sys avg=57.0% max=57.0% | samples=1

--- CPU cores ---
Per-core load (sorted by peak used %%):
  core  7: avg= 79.0%  peak= 79.0%  (usr=3.0 sys=45.0) samples=1  <- active
  core 11: avg= 71.0%  peak= 71.0%  (usr=7.0 sys=14.0) samples=1  <- active
  core  2: avg= 57.0%  peak= 57.0%  (usr=60.0 sys=71.0) samples=1  <- active
  core  1: avg= 57.0%  peak= 57.0%  (usr=57.0 sys=14.0) samples=1  <- active
  core  6: avg= 45.0%  peak= 45.0%  (usr=0.0 sys=0.0) samples=1  <- active
  core  0: avg= 14.0%  peak= 14.0%  (usr=25.0 sys=0.0) samples=1  <- active
  core  9: avg=  0.0%  peak=  0.0%  (usr=0.0 sys=0.0) samples=1
  core  8: avg=  0.0%  peak=  0.0%  (usr=0.0 sys=0.0) samples=1
  core  5: avg=  0.0%  peak=  0.0%  (usr=58.0 sys=62.0) samples=1
  core  4: avg=  0.0%  peak=  0.0%  (usr=58.0 sys=62.0) samples=1
  core  3: avg=  0.0%  peak=  0.0%  (usr=60.0 sys=71.0) samples=1
  core 10: avg=  0.0%  peak=  0.0%  (usr=0.0 sys=0.0) samples=1

Active cores (avg>=5% or peak>=20%): CPU7, CPU11, CPU2, CPU1, CPU6, CPU0
Mostly idle: CPU9, CPU8, CPU5, CPU4, CPU3, CPU10
All cores: avg used=26.9%  peak on one core=79.0%

--- Timing / overhead ---
Total wall time: 380.2 ms
StarPU breakdown:
  StarPU init                     186.0 ms  (48.9%)
  Data registration                 1.0 ms  ( 0.3%)
  Task submission                   0.1 ms  ( 0.0%)
  Task wait (compute+transfer)    191.7 ms  (50.4%)
  Unregister + copyback             1.3 ms  ( 0.3%)
  Overhead (excl. wait)           188.4 ms  (49.6%)
  Useful wait phase               191.7 ms  (50.4%)
Performance: 0.71 GFLOPS
Tasks/tiles: 4

--- Metrics files ---
  /home/nikitos/task_scheduler/results/system_matmul_20260608_093314.csv
  /home/nikitos/task_scheduler/results/system_matmul_20260608_093314_cores.csv
  /home/nikitos/task_scheduler/results/report/matmul_starpu_hybrid_512.json
--- matmul mode=starpu_hybrid size=2048 ---
Running bench_matmul with args: --mode starpu_hybrid --size 2048 --tile-size 256 --output /home/nikitos/task_scheduler/results/report/matmul_starpu_hybrid_2048.json
System metrics -> /home/nikitos/task_scheduler/results/system_matmul_20260608_093315.csv
Authorization required, but no authorization protocol specified

[starpu][_starpu_init_cuda_config] Warning: could not find location of CUDA0, do you have the hwloc CUDA plugin installed?
[starpu][starpu_interface_end_driver_copy_async] Warning: the submission of asynchronous transfer from NUMA 0 to CUDA 0 took a very long time (3.579571 ms)
For proper asynchronous transfer overlapping, data registered to StarPU must be allocated with starpu_malloc() or pinned with starpu_memory_pin()
bench_matmul: n=2048 tile=256 tasks=64 mode=starpu_hybrid time=293.972 ms gflops=58.44 -> /home/nikitos/task_scheduler/results/report/matmul_starpu_hybrid_2048.json
=== Run summary ===
Scenario: matmul  mode: starpu_hybrid
Params: size=2048, starpu_sched=dmda, submitted_tasks=64, tile_size=256

--- Memory ---
RAM:  used avg=285 MB  max=285 MB  of 8188 MB (3.5% peak)
VRAM: used avg=40 MB  max=40 MB  of 1 MB (4000.0% peak)

--- Utilization ---
GPU compute util: avg=6.0%  max=6.0%  samples=1
CPU total: usr avg=8.0% max=8.0% | sys avg=43.0% max=43.0% | samples=1

--- CPU cores ---
Per-core load (sorted by peak used %%):
  core  0: avg= 79.0%  peak= 79.0%  (usr=0.0 sys=0.0) samples=1  <- active
  core  8: avg= 45.0%  peak= 45.0%  (usr=0.0 sys=0.0) samples=1  <- active
  core  3: avg= 45.0%  peak= 45.0%  (usr=13.0 sys=79.0) samples=1  <- active
  core 10: avg= 14.0%  peak= 14.0%  (usr=37.0 sys=93.0) samples=1  <- active
  core  1: avg= 14.0%  peak= 14.0%  (usr=10.0 sys=71.0) samples=1  <- active
  core  9: avg=  0.0%  peak=  0.0%  (usr=0.0 sys=0.0) samples=1
  core  7: avg=  0.0%  peak=  0.0%  (usr=0.0 sys=0.0) samples=1
  core  6: avg=  0.0%  peak=  0.0%  (usr=0.0 sys=0.0) samples=1
  core  5: avg=  0.0%  peak=  0.0%  (usr=13.0 sys=33.0) samples=1
  core  4: avg=  0.0%  peak=  0.0%  (usr=10.0 sys=71.0) samples=1
  core  2: avg=  0.0%  peak=  0.0%  (usr=13.0 sys=79.0) samples=1
  core 11: avg=  0.0%  peak=  0.0%  (usr=0.0 sys=0.0) samples=1

Active cores (avg>=5% or peak>=20%): CPU0, CPU8, CPU3, CPU10, CPU1
Mostly idle: CPU9, CPU7, CPU6, CPU5, CPU4, CPU2, CPU11
All cores: avg used=16.4%  peak on one core=79.0%

--- Timing / overhead ---
Total wall time: 294.0 ms
StarPU breakdown:
  StarPU init                     186.3 ms  (63.4%)
  Data registration                16.2 ms  ( 5.5%)
  Task submission                   4.2 ms  ( 1.4%)
  Task wait (compute+transfer)     74.6 ms  (25.4%)
  Unregister + copyback            12.7 ms  ( 4.3%)
  Overhead (excl. wait)           219.3 ms  (74.6%)
  Useful wait phase                74.6 ms  (25.4%)
Performance: 58.44 GFLOPS
Tasks/tiles: 64

--- Metrics files ---
  /home/nikitos/task_scheduler/results/system_matmul_20260608_093315.csv
  /home/nikitos/task_scheduler/results/system_matmul_20260608_093315_cores.csv
  /home/nikitos/task_scheduler/results/report/matmul_starpu_hybrid_2048.json
--- matmul mode=starpu_hybrid size=8192 ---
Running bench_matmul with args: --mode starpu_hybrid --size 8192 --tile-size 256 --output /home/nikitos/task_scheduler/results/report/matmul_starpu_hybrid_8192.json
System metrics -> /home/nikitos/task_scheduler/results/system_matmul_20260608_093316.csv
Authorization required, but no authorization protocol specified

[starpu][_starpu_init_cuda_config] Warning: could not find location of CUDA0, do you have the hwloc CUDA plugin installed?
[starpu][__starpu_history_based_job_expected_perf] Warning: model matmul_tile is not calibrated enough for cuda0_impl0 (Comb0) size 1074266112 footprint fd637033 (only 0 measurements), forcing calibration for this run. Use the STARPU_CALIBRATE environment variable to control this. You probably need to run again to continue calibrating the model, until this warning disappears.
[starpu][starpu_interface_end_driver_copy_async] Warning: the submission of asynchronous transfer from NUMA 0 to CUDA 0 took a very long time (58.663466 ms)
For proper asynchronous transfer overlapping, data registered to StarPU must be allocated with starpu_malloc() or pinned with starpu_memory_pin()
bench_matmul: n=8192 tile=256 tasks=1024 mode=starpu_hybrid time=1756661.875 ms gflops=0.63 -> /home/nikitos/task_scheduler/results/report/matmul_starpu_hybrid_8192.json
=== Run summary ===
Scenario: matmul  mode: starpu_hybrid
Params: size=8192, starpu_sched=dmda, submitted_tasks=1024, tile_size=256

--- Memory ---
RAM:  used avg=1856 MB  max=1859 MB  of 8188 MB (22.7% peak)
VRAM: used avg=44 MB  max=99 MB  of 0 MB (0.0% peak)

--- Utilization ---
GPU compute util: avg=1.1%  max=8.0%  samples=2476
CPU total: usr avg=49.9% max=51.0% | sys avg=38.0% max=99.0% | samples=2476

--- CPU cores ---
Per-core load (sorted by peak used %%):
  core 11: avg= 33.6%  peak= 90.0%  (usr=0.9 sys=8.8) samples=2476  <- active
  core  8: avg= 33.3%  peak= 90.0%  (usr=0.9 sys=8.5) samples=2476  <- active
  core  7: avg= 14.3%  peak= 90.0%  (usr=0.4 sys=3.5) samples=2476  <- active
  core  6: avg= 10.7%  peak= 90.0%  (usr=0.3 sys=2.4) samples=2476  <- active
  core 10: avg= 10.6%  peak= 90.0%  (usr=0.4 sys=2.5) samples=2476  <- active
  core  9: avg= 10.1%  peak= 90.0%  (usr=0.2 sys=2.0) samples=2476  <- active
  core  0: avg=  0.2%  peak= 71.0%  (usr=99.8 sys=0.5) samples=2476  <- active
  core  1: avg=  0.0%  peak= 67.0%  (usr=99.8 sys=0.0) samples=2476  <- active
  core  2: avg=  0.0%  peak= 33.0%  (usr=99.8 sys=0.1) samples=2476  <- active
  core  3: avg=  0.0%  peak= 33.0%  (usr=99.8 sys=0.0) samples=2476  <- active
  core  5: avg=  0.0%  peak=  0.0%  (usr=99.8 sys=0.0) samples=2476
  core  4: avg=  0.0%  peak=  0.0%  (usr=99.8 sys=0.0) samples=2476

Active cores (avg>=5% or peak>=20%): CPU11, CPU8, CPU7, CPU6, CPU10, CPU9, CPU0, CPU1, CPU2, CPU3
Mostly idle: CPU5, CPU4
All cores: avg used=9.4%  peak on one core=90.0%

--- Timing / overhead ---
Total wall time: 1756661.9 ms
StarPU breakdown:
  StarPU init                     213.4 ms  ( 0.0%)
  Data registration               258.6 ms  ( 0.0%)
  Task submission                 127.5 ms  ( 0.0%)
  Task wait (compute+transfer) 1755908.7 ms  (100.0%)
  Unregister + copyback           153.5 ms  ( 0.0%)
  Overhead (excl. wait)           753.0 ms  ( 0.0%)
  Useful wait phase            1755908.7 ms  (100.0%)
Performance: 0.63 GFLOPS
Tasks/tiles: 1024

--- Metrics files ---
  /home/nikitos/task_scheduler/results/system_matmul_20260608_093316.csv
  /home/nikitos/task_scheduler/results/system_matmul_20260608_093316_cores.csv
  /home/nikitos/task_scheduler/results/report/matmul_starpu_hybrid_8192.json
=== independent (tasks: 500 3000 5000, block=4096) ===
--- independent mode=native_cpu tasks=500 ---
Running bench_independent with args: --mode native_cpu --tasks 500 --size 4096 --output /home/nikitos/task_scheduler/results/report/independent_native_cpu_500.json
System metrics -> /home/nikitos/task_scheduler/results/system_independent_20260608_100235.csv
bench_independent: tasks=500 block=4096 mode=native_cpu time=38.899 ms -> /home/nikitos/task_scheduler/results/report/independent_native_cpu_500.json
=== Run summary ===
Scenario: independent  mode: native_cpu
Params: block_size=4096, tasks=500, total_elements=2048000

--- Memory ---
No memory samples

--- Utilization ---
No per-core samples (/home/nikitos/task_scheduler/results/system_independent_20260608_100235_cores.csv)

--- Timing / overhead ---
Total wall time: 38.9 ms
Native path: no StarPU phase breakdown (total = compute + I/O)
Tasks/tiles: 500

--- Metrics files ---
  /home/nikitos/task_scheduler/results/system_independent_20260608_100235.csv
  /home/nikitos/task_scheduler/results/system_independent_20260608_100235_cores.csv
  /home/nikitos/task_scheduler/results/report/independent_native_cpu_500.json
--- independent mode=native_cpu tasks=3000 ---
Running bench_independent with args: --mode native_cpu --tasks 3000 --size 4096 --output /home/nikitos/task_scheduler/results/report/independent_native_cpu_3000.json
System metrics -> /home/nikitos/task_scheduler/results/system_independent_20260608_100235.csv
bench_independent: tasks=3000 block=4096 mode=native_cpu time=236.469 ms -> /home/nikitos/task_scheduler/results/report/independent_native_cpu_3000.json
=== Run summary ===
Scenario: independent  mode: native_cpu
Params: block_size=4096, tasks=3000, total_elements=12288000

--- Memory ---
RAM:  used avg=285 MB  max=285 MB  of 8188 MB (3.5% peak)
VRAM: used avg=41 MB  max=41 MB  of 0 MB (0.0% peak)

--- Utilization ---
GPU compute util: avg=4.0%  max=4.0%  samples=1
CPU total: usr avg=5.0% max=5.0% | sys avg=0.0% max=0.0% | samples=1

--- CPU cores ---
Per-core load (sorted by peak used %%):
  core  7: avg= 45.0%  peak= 45.0%  (usr=0.0 sys=0.0) samples=1  <- active
  core 11: avg= 45.0%  peak= 45.0%  (usr=0.0 sys=0.0) samples=1  <- active
  core 10: avg= 29.0%  peak= 29.0%  (usr=60.0 sys=71.0) samples=1  <- active
  core  0: avg= 14.0%  peak= 14.0%  (usr=0.0 sys=0.0) samples=1  <- active
  core  9: avg=  0.0%  peak=  0.0%  (usr=0.0 sys=0.0) samples=1
  core  8: avg=  0.0%  peak=  0.0%  (usr=0.0 sys=0.0) samples=1
  core  6: avg=  0.0%  peak=  0.0%  (usr=0.0 sys=0.0) samples=1
  core  5: avg=  0.0%  peak=  0.0%  (usr=0.0 sys=0.0) samples=1
  core  4: avg=  0.0%  peak=  0.0%  (usr=0.0 sys=0.0) samples=1
  core  3: avg=  0.0%  peak=  0.0%  (usr=0.0 sys=0.0) samples=1
  core  2: avg=  0.0%  peak=  0.0%  (usr=0.0 sys=0.0) samples=1
  core  1: avg=  0.0%  peak=  0.0%  (usr=0.0 sys=0.0) samples=1

Active cores (avg>=5% or peak>=20%): CPU7, CPU11, CPU10, CPU0
Mostly idle: CPU9, CPU8, CPU6, CPU5, CPU4, CPU3, CPU2, CPU1
All cores: avg used=11.1%  peak on one core=45.0%

--- Timing / overhead ---
Total wall time: 236.5 ms
Native path: no StarPU phase breakdown (total = compute + I/O)
Tasks/tiles: 3000

--- Metrics files ---
  /home/nikitos/task_scheduler/results/system_independent_20260608_100235.csv
  /home/nikitos/task_scheduler/results/system_independent_20260608_100235_cores.csv
  /home/nikitos/task_scheduler/results/report/independent_native_cpu_3000.json
--- independent mode=native_cpu tasks=5000 ---
Running bench_independent with args: --mode native_cpu --tasks 5000 --size 4096 --output /home/nikitos/task_scheduler/results/report/independent_native_cpu_5000.json
System metrics -> /home/nikitos/task_scheduler/results/system_independent_20260608_100236.csv
bench_independent: tasks=5000 block=4096 mode=native_cpu time=390.608 ms -> /home/nikitos/task_scheduler/results/report/independent_native_cpu_5000.json
=== Run summary ===
Scenario: independent  mode: native_cpu
Params: block_size=4096, tasks=5000, total_elements=20480000

--- Memory ---
RAM:  used avg=285 MB  max=285 MB  of 8188 MB (3.5% peak)
VRAM: used avg=0 MB  max=0 MB  of 0 MB (0.0% peak)

--- Utilization ---
GPU compute util: avg=7.0%  max=7.0%  samples=1
CPU total: usr avg=3.0% max=3.0% | sys avg=79.0% max=79.0% | samples=1

--- CPU cores ---
Per-core load (sorted by peak used %%):
  core  6: avg= 45.0%  peak= 45.0%  (usr=0.0 sys=0.0) samples=1  <- active
  core  4: avg= 45.0%  peak= 45.0%  (usr=0.0 sys=0.0) samples=1  <- active
  core 11: avg= 45.0%  peak= 45.0%  (usr=0.0 sys=0.0) samples=1  <- active
  core  7: avg= 34.0%  peak= 34.0%  (usr=3.0 sys=45.0) samples=1  <- active
  core  8: avg= 14.0%  peak= 14.0%  (usr=0.0 sys=0.0) samples=1  <- active
  core  3: avg= 14.0%  peak= 14.0%  (usr=42.0 sys=86.0) samples=1  <- active
  core  9: avg=  0.0%  peak=  0.0%  (usr=0.0 sys=0.0) samples=1
  core  5: avg=  0.0%  peak=  0.0%  (usr=0.0 sys=0.0) samples=1
  core  2: avg=  0.0%  peak=  0.0%  (usr=0.0 sys=0.0) samples=1
  core 10: avg=  0.0%  peak=  0.0%  (usr=0.0 sys=0.0) samples=1
  core  1: avg=  0.0%  peak=  0.0%  (usr=0.0 sys=0.0) samples=1
  core  0: avg=  0.0%  peak=  0.0%  (usr=0.0 sys=0.0) samples=1

Active cores (avg>=5% or peak>=20%): CPU6, CPU4, CPU11, CPU7, CPU8, CPU3
Mostly idle: CPU9, CPU5, CPU2, CPU10, CPU1, CPU0
All cores: avg used=16.4%  peak on one core=45.0%

--- Timing / overhead ---
Total wall time: 390.6 ms
Native path: no StarPU phase breakdown (total = compute + I/O)
Tasks/tiles: 5000

--- Metrics files ---
  /home/nikitos/task_scheduler/results/system_independent_20260608_100236.csv
  /home/nikitos/task_scheduler/results/system_independent_20260608_100236_cores.csv
  /home/nikitos/task_scheduler/results/report/independent_native_cpu_5000.json
--- independent mode=native_gpu tasks=500 ---
Running bench_independent with args: --mode native_gpu --tasks 500 --size 4096 --output /home/nikitos/task_scheduler/results/report/independent_native_gpu_500.json
System metrics -> /home/nikitos/task_scheduler/results/system_independent_20260608_100237.csv
bench_independent: tasks=500 block=4096 mode=native_gpu time=184.232 ms -> /home/nikitos/task_scheduler/results/report/independent_native_gpu_500.json
=== Run summary ===
Scenario: independent  mode: native_gpu
Params: block_size=4096, tasks=500, total_elements=2048000

--- Memory ---
RAM:  used avg=285 MB  max=285 MB  of 8188 MB (3.5% peak)
VRAM: used avg=92 MB  max=92 MB  of 0 MB (0.0% peak)

--- Utilization ---
GPU compute util: avg=7.0%  max=7.0%  samples=1
CPU total: usr avg=1.0% max=1.0% | sys avg=76.0% max=76.0% | samples=1

--- CPU cores ---
Per-core load (sorted by peak used %%):
  core  5: avg= 62.0%  peak= 62.0%  (usr=17.0 sys=24.0) samples=1  <- active
  core  2: avg= 57.0%  peak= 57.0%  (usr=3.0 sys=57.0) samples=1  <- active
  core  6: avg= 45.0%  peak= 45.0%  (usr=0.0 sys=0.0) samples=1  <- active
  core  3: avg= 45.0%  peak= 45.0%  (usr=0.0 sys=0.0) samples=1  <- active
  core  1: avg= 45.0%  peak= 45.0%  (usr=0.0 sys=0.0) samples=1  <- active
  core 10: avg= 29.0%  peak= 29.0%  (usr=0.0 sys=0.0) samples=1  <- active
  core  0: avg= 14.0%  peak= 14.0%  (usr=0.0 sys=0.0) samples=1  <- active
  core  9: avg=  0.0%  peak=  0.0%  (usr=0.0 sys=0.0) samples=1
  core  8: avg=  0.0%  peak=  0.0%  (usr=0.0 sys=0.0) samples=1
  core  7: avg=  0.0%  peak=  0.0%  (usr=0.0 sys=0.0) samples=1
  core  4: avg=  0.0%  peak=  0.0%  (usr=0.0 sys=0.0) samples=1
  core 11: avg=  0.0%  peak=  0.0%  (usr=0.0 sys=0.0) samples=1

Active cores (avg>=5% or peak>=20%): CPU5, CPU2, CPU6, CPU3, CPU1, CPU10, CPU0
Mostly idle: CPU9, CPU8, CPU7, CPU4, CPU11
All cores: avg used=24.8%  peak on one core=62.0%

--- Timing / overhead ---
Total wall time: 184.2 ms
Native path: no StarPU phase breakdown (total = compute + I/O)
Tasks/tiles: 500

--- Metrics files ---
  /home/nikitos/task_scheduler/results/system_independent_20260608_100237.csv
  /home/nikitos/task_scheduler/results/system_independent_20260608_100237_cores.csv
  /home/nikitos/task_scheduler/results/report/independent_native_gpu_500.json
--- independent mode=native_gpu tasks=3000 ---
Running bench_independent with args: --mode native_gpu --tasks 3000 --size 4096 --output /home/nikitos/task_scheduler/results/report/independent_native_gpu_3000.json
System metrics -> /home/nikitos/task_scheduler/results/system_independent_20260608_100237.csv
bench_independent: tasks=3000 block=4096 mode=native_gpu time=180.740 ms -> /home/nikitos/task_scheduler/results/report/independent_native_gpu_3000.json
=== Run summary ===
Scenario: independent  mode: native_gpu
Params: block_size=4096, tasks=3000, total_elements=12288000

--- Memory ---
RAM:  used avg=285 MB  max=285 MB  of 8188 MB (3.5% peak)
VRAM: used avg=5 MB  max=5 MB  of 0 MB (0.0% peak)

--- Utilization ---
GPU compute util: avg=6.0%  max=6.0%  samples=1
CPU total: usr avg=4.0% max=4.0% | sys avg=61.0% max=61.0% | samples=1

--- CPU cores ---
Per-core load (sorted by peak used %%):
  core  3: avg= 93.0%  peak= 93.0%  (usr=55.0 sys=17.0) samples=1  <- active
  core  6: avg= 90.0%  peak= 90.0%  (usr=0.0 sys=0.0) samples=1  <- active
  core 10: avg= 90.0%  peak= 90.0%  (usr=0.0 sys=0.0) samples=1  <- active
  core  0: avg= 45.0%  peak= 45.0%  (usr=0.0 sys=0.0) samples=1  <- active
  core  7: avg= 24.0%  peak= 24.0%  (usr=0.0 sys=0.0) samples=1  <- active
  core  9: avg=  0.0%  peak=  0.0%  (usr=0.0 sys=0.0) samples=1
  core  8: avg=  0.0%  peak=  0.0%  (usr=0.0 sys=0.0) samples=1
  core  5: avg=  0.0%  peak=  0.0%  (usr=0.0 sys=0.0) samples=1
  core  4: avg=  0.0%  peak=  0.0%  (usr=0.0 sys=0.0) samples=1
  core  2: avg=  0.0%  peak=  0.0%  (usr=0.0 sys=0.0) samples=1
  core 11: avg=  0.0%  peak=  0.0%  (usr=0.0 sys=0.0) samples=1
  core  1: avg=  0.0%  peak=  0.0%  (usr=0.0 sys=0.0) samples=1

Active cores (avg>=5% or peak>=20%): CPU3, CPU6, CPU10, CPU0, CPU7
Mostly idle: CPU9, CPU8, CPU5, CPU4, CPU2, CPU11, CPU1
All cores: avg used=28.5%  peak on one core=93.0%

--- Timing / overhead ---
Total wall time: 180.7 ms
Native path: no StarPU phase breakdown (total = compute + I/O)
Tasks/tiles: 3000

--- Metrics files ---
  /home/nikitos/task_scheduler/results/system_independent_20260608_100237.csv
  /home/nikitos/task_scheduler/results/system_independent_20260608_100237_cores.csv
  /home/nikitos/task_scheduler/results/report/independent_native_gpu_3000.json
--- independent mode=native_gpu tasks=5000 ---
Running bench_independent with args: --mode native_gpu --tasks 5000 --size 4096 --output /home/nikitos/task_scheduler/results/report/independent_native_gpu_5000.json
System metrics -> /home/nikitos/task_scheduler/results/system_independent_20260608_100238.csv
bench_independent: tasks=5000 block=4096 mode=native_gpu time=196.585 ms -> /home/nikitos/task_scheduler/results/report/independent_native_gpu_5000.json
=== Run summary ===
Scenario: independent  mode: native_gpu
Params: block_size=4096, tasks=5000, total_elements=20480000

--- Memory ---
RAM:  used avg=285 MB  max=285 MB  of 8188 MB (3.5% peak)
VRAM: used avg=83 MB  max=83 MB  of 13 MB (638.5% peak)

--- Utilization ---
GPU compute util: avg=5.0%  max=5.0%  samples=1
CPU total: usr avg=4.0% max=4.0% | sys avg=8.0% max=8.0% | samples=1

--- CPU cores ---
Per-core load (sorted by peak used %%):
  core  1: avg= 90.0%  peak= 90.0%  (usr=3.0 sys=45.0) samples=1  <- active
  core  3: avg= 67.0%  peak= 67.0%  (usr=43.0 sys=33.0) samples=1  <- active
  core  4: avg= 45.0%  peak= 45.0%  (usr=0.0 sys=0.0) samples=1  <- active
  core  9: avg=  0.0%  peak=  0.0%  (usr=0.0 sys=0.0) samples=1
  core  8: avg=  0.0%  peak=  0.0%  (usr=0.0 sys=0.0) samples=1
  core  7: avg=  0.0%  peak=  0.0%  (usr=0.0 sys=0.0) samples=1
  core  6: avg=  0.0%  peak=  0.0%  (usr=0.0 sys=0.0) samples=1
  core  5: avg=  0.0%  peak=  0.0%  (usr=0.0 sys=0.0) samples=1
  core  2: avg=  0.0%  peak=  0.0%  (usr=0.0 sys=0.0) samples=1
  core 11: avg=  0.0%  peak=  0.0%  (usr=0.0 sys=0.0) samples=1
  core 10: avg=  0.0%  peak=  0.0%  (usr=0.0 sys=0.0) samples=1
  core  0: avg=  0.0%  peak=  0.0%  (usr=0.0 sys=0.0) samples=1

Active cores (avg>=5% or peak>=20%): CPU1, CPU3, CPU4
Mostly idle: CPU9, CPU8, CPU7, CPU6, CPU5, CPU2, CPU11, CPU10
  ... and 1 more idle cores
All cores: avg used=16.8%  peak on one core=90.0%

--- Timing / overhead ---
Total wall time: 196.6 ms
Native path: no StarPU phase breakdown (total = compute + I/O)
Tasks/tiles: 5000

--- Metrics files ---
  /home/nikitos/task_scheduler/results/system_independent_20260608_100238.csv
  /home/nikitos/task_scheduler/results/system_independent_20260608_100238_cores.csv
  /home/nikitos/task_scheduler/results/report/independent_native_gpu_5000.json
--- independent mode=starpu_hybrid tasks=500 ---
Running bench_independent with args: --mode starpu_hybrid --tasks 500 --size 4096 --output /home/nikitos/task_scheduler/results/report/independent_starpu_hybrid_500.json
System metrics -> /home/nikitos/task_scheduler/results/system_independent_20260608_100239.csv
Authorization required, but no authorization protocol specified

[starpu][_starpu_init_cuda_config] Warning: could not find location of CUDA0, do you have the hwloc CUDA plugin installed?
[starpu][__starpu_history_based_job_expected_perf] Warning: model independent_array is not calibrated enough for cuda0_impl0 (Comb0) size 65536 footprint 20594624 (only 0 measurements), forcing calibration for this run. Use the STARPU_CALIBRATE environment variable to control this. You probably need to run again to continue calibrating the model, until this warning disappears.
bench_independent: tasks=500 block=4096 mode=starpu_hybrid time=210.229 ms -> /home/nikitos/task_scheduler/results/report/independent_starpu_hybrid_500.json
=== Run summary ===
Scenario: independent  mode: starpu_hybrid
Params: block_size=4096, starpu_sched=dmda, tasks=500, total_elements=2048000

--- Memory ---
RAM:  used avg=285 MB  max=285 MB  of 8188 MB (3.5% peak)
VRAM: used avg=50 MB  max=50 MB  of 0 MB (0.0% peak)

--- Utilization ---
GPU compute util: avg=8.0%  max=8.0%  samples=1
CPU total: usr avg=20.0% max=20.0% | sys avg=82.0% max=82.0% | samples=1

--- CPU cores ---
Per-core load (sorted by peak used %%):
  core  7: avg= 71.0%  peak= 71.0%  (usr=0.0 sys=0.0) samples=1  <- active
  core  0: avg= 48.0%  peak= 48.0%  (usr=10.0 sys=34.0) samples=1  <- active
  core  6: avg= 45.0%  peak= 45.0%  (usr=0.0 sys=0.0) samples=1  <- active
  core 10: avg= 43.0%  peak= 43.0%  (usr=3.0 sys=57.0) samples=1  <- active
  core  8: avg= 14.0%  peak= 14.0%  (usr=0.0 sys=0.0) samples=1  <- active
  core 11: avg= 14.0%  peak= 14.0%  (usr=10.0 sys=34.0) samples=1  <- active
  core  9: avg=  0.0%  peak=  0.0%  (usr=0.0 sys=0.0) samples=1
  core  5: avg=  0.0%  peak=  0.0%  (usr=46.0 sys=43.0) samples=1
  core  4: avg=  0.0%  peak=  0.0%  (usr=44.0 sys=83.0) samples=1
  core  3: avg=  0.0%  peak=  0.0%  (usr=42.0 sys=86.0) samples=1
  core  2: avg=  0.0%  peak=  0.0%  (usr=46.0 sys=43.0) samples=1
  core  1: avg=  0.0%  peak=  0.0%  (usr=46.0 sys=43.0) samples=1

Active cores (avg>=5% or peak>=20%): CPU7, CPU0, CPU6, CPU10, CPU8, CPU11
Mostly idle: CPU9, CPU5, CPU4, CPU3, CPU2, CPU1
All cores: avg used=19.6%  peak on one core=71.0%

--- Timing / overhead ---
Total wall time: 210.2 ms
StarPU breakdown:
  StarPU init                     193.8 ms  (92.2%)
  Data registration                 1.8 ms  ( 0.9%)
  Task submission                   2.5 ms  ( 1.2%)
  Task wait (compute+transfer)      4.9 ms  ( 2.3%)
  Data unregister                   7.2 ms  ( 3.4%)
  Overhead (excl. wait)           205.3 ms  (97.7%)
  Useful wait phase                 4.9 ms  ( 2.3%)
Tasks/tiles: 500

--- Metrics files ---
  /home/nikitos/task_scheduler/results/system_independent_20260608_100239.csv
  /home/nikitos/task_scheduler/results/system_independent_20260608_100239_cores.csv
  /home/nikitos/task_scheduler/results/report/independent_starpu_hybrid_500.json
--- independent mode=starpu_hybrid tasks=3000 ---
Running bench_independent with args: --mode starpu_hybrid --tasks 3000 --size 4096 --output /home/nikitos/task_scheduler/results/report/independent_starpu_hybrid_3000.json
System metrics -> /home/nikitos/task_scheduler/results/system_independent_20260608_100239.csv
Authorization required, but no authorization protocol specified

[starpu][_starpu_init_cuda_config] Warning: could not find location of CUDA0, do you have the hwloc CUDA plugin installed?
bench_independent: tasks=3000 block=4096 mode=starpu_hybrid time=262.830 ms -> /home/nikitos/task_scheduler/results/report/independent_starpu_hybrid_3000.json
=== Run summary ===
Scenario: independent  mode: starpu_hybrid
Params: block_size=4096, starpu_sched=dmda, tasks=3000, total_elements=12288000

--- Memory ---
RAM:  used avg=285 MB  max=285 MB  of 8188 MB (3.5% peak)
VRAM: used avg=97 MB  max=97 MB  of 0 MB (0.0% peak)

--- Utilization ---
GPU compute util: avg=4.0%  max=4.0%  samples=1
CPU total: usr avg=4.0% max=4.0% | sys avg=68.0% max=68.0% | samples=1

--- CPU cores ---
Per-core load (sorted by peak used %%):
  core 11: avg= 67.0%  peak= 67.0%  (usr=3.0 sys=33.0) samples=1  <- active
  core  6: avg= 57.0%  peak= 57.0%  (usr=0.0 sys=0.0) samples=1  <- active
  core  4: avg= 45.0%  peak= 45.0%  (usr=0.0 sys=0.0) samples=1  <- active
  core  2: avg= 45.0%  peak= 45.0%  (usr=0.0 sys=0.0) samples=1  <- active
  core  1: avg= 45.0%  peak= 45.0%  (usr=0.0 sys=0.0) samples=1  <- active
  core  9: avg= 29.0%  peak= 29.0%  (usr=53.0 sys=57.0) samples=1  <- active
  core  8: avg=  0.0%  peak=  0.0%  (usr=0.0 sys=0.0) samples=1
  core  7: avg=  0.0%  peak=  0.0%  (usr=0.0 sys=0.0) samples=1
  core  5: avg=  0.0%  peak=  0.0%  (usr=0.0 sys=0.0) samples=1
  core  3: avg=  0.0%  peak=  0.0%  (usr=0.0 sys=0.0) samples=1
  core 10: avg=  0.0%  peak=  0.0%  (usr=0.0 sys=0.0) samples=1
  core  0: avg=  0.0%  peak=  0.0%  (usr=0.0 sys=0.0) samples=1

Active cores (avg>=5% or peak>=20%): CPU11, CPU6, CPU4, CPU2, CPU1, CPU9
Mostly idle: CPU8, CPU7, CPU5, CPU3, CPU10, CPU0
All cores: avg used=24.0%  peak on one core=67.0%

--- Timing / overhead ---
Total wall time: 262.8 ms
StarPU breakdown:
  StarPU init                     186.9 ms  (71.1%)
  Data registration                10.6 ms  ( 4.0%)
  Task submission                  17.1 ms  ( 6.5%)
  Task wait (compute+transfer)     16.6 ms  ( 6.3%)
  Data unregister                  31.7 ms  (12.0%)
  Overhead (excl. wait)           246.2 ms  (93.7%)
  Useful wait phase                16.6 ms  ( 6.3%)
Tasks/tiles: 3000

--- Metrics files ---
  /home/nikitos/task_scheduler/results/system_independent_20260608_100239.csv
  /home/nikitos/task_scheduler/results/system_independent_20260608_100239_cores.csv
  /home/nikitos/task_scheduler/results/report/independent_starpu_hybrid_3000.json
--- independent mode=starpu_hybrid tasks=5000 ---
Running bench_independent with args: --mode starpu_hybrid --tasks 5000 --size 4096 --output /home/nikitos/task_scheduler/results/report/independent_starpu_hybrid_5000.json
System metrics -> /home/nikitos/task_scheduler/results/system_independent_20260608_100240.csv
Authorization required, but no authorization protocol specified

[starpu][_starpu_init_cuda_config] Warning: could not find location of CUDA0, do you have the hwloc CUDA plugin installed?
bench_independent: tasks=5000 block=4096 mode=starpu_hybrid time=319.086 ms -> /home/nikitos/task_scheduler/results/report/independent_starpu_hybrid_5000.json
=== Run summary ===
Scenario: independent  mode: starpu_hybrid
Params: block_size=4096, starpu_sched=dmda, tasks=5000, total_elements=20480000

--- Memory ---
RAM:  used avg=285 MB  max=285 MB  of 8188 MB (3.5% peak)
VRAM: used avg=88 MB  max=88 MB  of 16 MB (550.0% peak)

--- Utilization ---
GPU compute util: avg=5.0%  max=5.0%  samples=1
CPU total: usr avg=3.0% max=3.0% | sys avg=82.0% max=82.0% | samples=1

--- CPU cores ---
Per-core load (sorted by peak used %%):
  core  0: avg= 90.0%  peak= 90.0%  (usr=3.0 sys=45.0) samples=1  <- active
  core  8: avg= 45.0%  peak= 45.0%  (usr=0.0 sys=0.0) samples=1  <- active
  core  1: avg= 45.0%  peak= 45.0%  (usr=0.0 sys=0.0) samples=1  <- active
  core 11: avg= 14.0%  peak= 14.0%  (usr=42.0 sys=86.0) samples=1  <- active
  core  9: avg=  0.0%  peak=  0.0%  (usr=0.0 sys=0.0) samples=1
  core  7: avg=  0.0%  peak=  0.0%  (usr=0.0 sys=0.0) samples=1
  core  6: avg=  0.0%  peak=  0.0%  (usr=0.0 sys=0.0) samples=1
  core  5: avg=  0.0%  peak=  0.0%  (usr=0.0 sys=0.0) samples=1
  core  4: avg=  0.0%  peak=  0.0%  (usr=0.0 sys=0.0) samples=1
  core  3: avg=  0.0%  peak=  0.0%  (usr=0.0 sys=0.0) samples=1
  core  2: avg=  0.0%  peak=  0.0%  (usr=0.0 sys=0.0) samples=1
  core 10: avg=  0.0%  peak=  0.0%  (usr=0.0 sys=0.0) samples=1

Active cores (avg>=5% or peak>=20%): CPU0, CPU8, CPU1, CPU11
Mostly idle: CPU9, CPU7, CPU6, CPU5, CPU4, CPU3, CPU2, CPU10
All cores: avg used=16.2%  peak on one core=90.0%

--- Timing / overhead ---
Total wall time: 319.1 ms
StarPU breakdown:
  StarPU init                     187.6 ms  (58.8%)
  Data registration                18.1 ms  ( 5.7%)
  Task submission                  28.9 ms  ( 9.1%)
  Task wait (compute+transfer)     32.6 ms  (10.2%)
  Data unregister                  52.0 ms  (16.3%)
  Overhead (excl. wait)           286.5 ms  (89.8%)
  Useful wait phase                32.6 ms  (10.2%)
Tasks/tiles: 5000

--- Metrics files ---
  /home/nikitos/task_scheduler/results/system_independent_20260608_100240.csv
  /home/nikitos/task_scheduler/results/system_independent_20260608_100240_cores.csv
  /home/nikitos/task_scheduler/results/report/independent_starpu_hybrid_5000.json
=== heterogeneous (tasks: 1000 3000 5000) ===
    mix: light=0.5 medium=0.3 heavy=0.2
    sizes: light=2048 medium=16384 heavy=65536
--- heterogeneous mode=native_cpu tasks=1000 ---
Running bench_heterogeneous with args: --mode native_cpu --tasks 1000 --light-ratio 0.5 --medium-ratio 0.3 --light-size 2048 --medium-size 16384 --heavy-size 65536 --output /home/nikitos/task_scheduler/results/report/heterogeneous_native_cpu_1000.json
System metrics -> /home/nikitos/task_scheduler/results/system_heterogeneous_20260608_100241.csv
bench_heterogeneous: tasks=1000 light=500 medium=300 heavy=200 mode=native_cpu time=18513.177 ms -> /home/nikitos/task_scheduler/results/report/heterogeneous_native_cpu_1000.json
=== Run summary ===
Scenario: heterogeneous  mode: native_cpu
Params: heavy_size=65536, light_size=2048, medium_size=16384, tasks=1000, total_elements=19046400

--- Memory ---
RAM:  used avg=285 MB  max=285 MB  of 8188 MB (3.5% peak)
VRAM: used avg=49 MB  max=89 MB  of 0 MB (0.0% peak)

--- Utilization ---
GPU compute util: avg=0.9%  max=5.0%  samples=29
CPU total: usr avg=7.9% max=8.0% | sys avg=47.6% max=99.0% | samples=29

--- CPU cores ---
Per-core load (sorted by peak used %%):
  core  6: avg= 35.1%  peak= 90.0%  (usr=0.4 sys=5.0) samples=29  <- active
  core  8: avg= 26.0%  peak= 90.0%  (usr=0.1 sys=1.1) samples=29  <- active
  core  0: avg= 22.2%  peak= 90.0%  (usr=0.3 sys=4.2) samples=29  <- active
  core  1: avg= 21.1%  peak= 90.0%  (usr=0.2 sys=3.1) samples=29  <- active
  core  2: avg= 20.8%  peak= 90.0%  (usr=0.0 sys=0.0) samples=29  <- active
  core  7: avg= 19.2%  peak= 90.0%  (usr=0.4 sys=5.4) samples=29  <- active
  core  9: avg=  2.0%  peak= 57.0%  (usr=35.8 sys=4.9) samples=29  <- active
  core 10: avg=  7.3%  peak= 45.0%  (usr=0.1 sys=1.6) samples=29  <- active
  core 11: avg=  4.2%  peak= 45.0%  (usr=0.1 sys=1.1) samples=29  <- active
  core  5: avg=  1.6%  peak= 45.0%  (usr=0.0 sys=0.0) samples=29  <- active
  core  4: avg=  1.6%  peak= 45.0%  (usr=0.1 sys=1.1) samples=29  <- active
  core  3: avg=  0.0%  peak=  0.0%  (usr=62.2 sys=7.0) samples=29

Active cores (avg>=5% or peak>=20%): CPU6, CPU8, CPU0, CPU1, CPU2, CPU7, CPU9, CPU10, CPU11, CPU5, CPU4
Mostly idle: CPU3
All cores: avg used=13.4%  peak on one core=90.0%

--- Timing / overhead ---
Total wall time: 18513.2 ms
Native path: no StarPU phase breakdown (total = compute + I/O)

--- Metrics files ---
  /home/nikitos/task_scheduler/results/system_heterogeneous_20260608_100241.csv
  /home/nikitos/task_scheduler/results/system_heterogeneous_20260608_100241_cores.csv
  /home/nikitos/task_scheduler/results/report/heterogeneous_native_cpu_1000.json
--- heterogeneous mode=native_cpu tasks=3000 ---
Running bench_heterogeneous with args: --mode native_cpu --tasks 3000 --light-ratio 0.5 --medium-ratio 0.3 --light-size 2048 --medium-size 16384 --heavy-size 65536 --output /home/nikitos/task_scheduler/results/report/heterogeneous_native_cpu_3000.json
System metrics -> /home/nikitos/task_scheduler/results/system_heterogeneous_20260608_100300.csv
bench_heterogeneous: tasks=3000 light=1500 medium=900 heavy=600 mode=native_cpu time=56224.750 ms -> /home/nikitos/task_scheduler/results/report/heterogeneous_native_cpu_3000.json
=== Run summary ===
Scenario: heterogeneous  mode: native_cpu
Params: heavy_size=65536, light_size=2048, medium_size=16384, tasks=3000, total_elements=57139200

--- Memory ---
RAM:  used avg=285 MB  max=285 MB  of 8188 MB (3.5% peak)
VRAM: used avg=52 MB  max=90 MB  of 0 MB (0.0% peak)

--- Utilization ---
GPU compute util: avg=0.8%  max=8.0%  samples=89
CPU total: usr avg=7.9% max=9.0% | sys avg=50.3% max=99.0% | samples=89

--- CPU cores ---
Per-core load (sorted by peak used %%):
  core  6: avg= 25.9%  peak= 90.0%  (usr=0.5 sys=6.5) samples=89  <- active
  core  0: avg= 21.8%  peak= 90.0%  (usr=0.3 sys=4.7) samples=89  <- active
  core  8: avg= 19.9%  peak= 90.0%  (usr=0.1 sys=1.5) samples=89  <- active
  core  7: avg= 19.9%  peak= 90.0%  (usr=0.2 sys=3.4) samples=89  <- active
  core  1: avg= 18.8%  peak= 90.0%  (usr=0.2 sys=3.3) samples=89  <- active
  core  2: avg= 18.1%  peak= 90.0%  (usr=0.2 sys=2.7) samples=89  <- active
  core 10: avg=  9.8%  peak= 57.0%  (usr=0.1 sys=1.1) samples=89  <- active
  core  3: avg=  5.3%  peak= 57.0%  (usr=0.1 sys=1.8) samples=89  <- active
  core  9: avg=  4.1%  peak= 45.0%  (usr=0.0 sys=0.5) samples=89  <- active
  core  4: avg=  2.0%  peak= 45.0%  (usr=0.0 sys=0.3) samples=89  <- active
  core 11: avg=  0.3%  peak= 29.0%  (usr=61.9 sys=3.3) samples=89  <- active
  core  5: avg=  0.0%  peak=  0.0%  (usr=37.1 sys=3.5) samples=89

Active cores (avg>=5% or peak>=20%): CPU6, CPU0, CPU8, CPU7, CPU1, CPU2, CPU10, CPU3, CPU9, CPU4, CPU11
Mostly idle: CPU5
All cores: avg used=12.2%  peak on one core=90.0%

--- Timing / overhead ---
Total wall time: 56224.7 ms
Native path: no StarPU phase breakdown (total = compute + I/O)

--- Metrics files ---
  /home/nikitos/task_scheduler/results/system_heterogeneous_20260608_100300.csv
  /home/nikitos/task_scheduler/results/system_heterogeneous_20260608_100300_cores.csv
  /home/nikitos/task_scheduler/results/report/heterogeneous_native_cpu_3000.json
--- heterogeneous mode=native_cpu tasks=5000 ---
Running bench_heterogeneous with args: --mode native_cpu --tasks 5000 --light-ratio 0.5 --medium-ratio 0.3 --light-size 2048 --medium-size 16384 --heavy-size 65536 --output /home/nikitos/task_scheduler/results/report/heterogeneous_native_cpu_5000.json
System metrics -> /home/nikitos/task_scheduler/results/system_heterogeneous_20260608_100357.csv
bench_heterogeneous: tasks=5000 light=2500 medium=1500 heavy=1000 mode=native_cpu time=92950.058 ms -> /home/nikitos/task_scheduler/results/report/heterogeneous_native_cpu_5000.json
=== Run summary ===
Scenario: heterogeneous  mode: native_cpu
Params: heavy_size=65536, light_size=2048, medium_size=16384, tasks=5000, total_elements=95232000

--- Memory ---
RAM:  used avg=285 MB  max=285 MB  of 8188 MB (3.5% peak)
VRAM: used avg=49 MB  max=89 MB  of 0 MB (0.0% peak)

--- Utilization ---
GPU compute util: avg=0.9%  max=8.0%  samples=147
CPU total: usr avg=8.0% max=9.0% | sys avg=48.4% max=99.0% | samples=147

--- CPU cores ---
Per-core load (sorted by peak used %%):
  core  7: avg= 26.0%  peak= 90.0%  (usr=0.3 sys=4.0) samples=147  <- active
  core  2: avg= 24.9%  peak= 90.0%  (usr=0.2 sys=3.1) samples=147  <- active
  core  0: avg= 22.3%  peak= 90.0%  (usr=0.3 sys=4.4) samples=147  <- active
  core  6: avg= 19.3%  peak= 90.0%  (usr=0.2 sys=2.8) samples=147  <- active
  core  1: avg= 17.0%  peak= 90.0%  (usr=0.2 sys=3.4) samples=147  <- active
  core  8: avg= 16.5%  peak= 90.0%  (usr=0.1 sys=1.8) samples=147  <- active
  core  9: avg=  5.5%  peak= 90.0%  (usr=0.1 sys=1.3) samples=147  <- active
  core  3: avg=  4.8%  peak= 90.0%  (usr=0.1 sys=1.1) samples=147  <- active
  core  5: avg=  4.9%  peak= 57.0%  (usr=0.1 sys=0.9) samples=147  <- active
  core 11: avg=  5.7%  peak= 45.0%  (usr=0.1 sys=1.3) samples=147  <- active
  core 10: avg=  0.2%  peak= 21.0%  (usr=75.0 sys=2.7) samples=147  <- active
  core  4: avg=  0.0%  peak=  0.0%  (usr=24.2 sys=0.7) samples=147

Active cores (avg>=5% or peak>=20%): CPU7, CPU2, CPU0, CPU6, CPU1, CPU8, CPU9, CPU3, CPU5, CPU11, CPU10
Mostly idle: CPU4
All cores: avg used=12.2%  peak on one core=90.0%

--- Timing / overhead ---
Total wall time: 92950.1 ms
Native path: no StarPU phase breakdown (total = compute + I/O)

--- Metrics files ---
  /home/nikitos/task_scheduler/results/system_heterogeneous_20260608_100357.csv
  /home/nikitos/task_scheduler/results/system_heterogeneous_20260608_100357_cores.csv
  /home/nikitos/task_scheduler/results/report/heterogeneous_native_cpu_5000.json
--- heterogeneous mode=native_gpu tasks=1000 ---
Running bench_heterogeneous with args: --mode native_gpu --tasks 1000 --light-ratio 0.5 --medium-ratio 0.3 --light-size 2048 --medium-size 16384 --heavy-size 65536 --output /home/nikitos/task_scheduler/results/report/heterogeneous_native_gpu_1000.json
System metrics -> /home/nikitos/task_scheduler/results/system_heterogeneous_20260608_100532.csv
bench_heterogeneous: tasks=1000 light=500 medium=300 heavy=200 mode=native_gpu time=479.557 ms -> /home/nikitos/task_scheduler/results/report/heterogeneous_native_gpu_1000.json
=== Run summary ===
Scenario: heterogeneous  mode: native_gpu
Params: heavy_size=65536, light_size=2048, medium_size=16384, tasks=1000, total_elements=19046400

--- Memory ---
RAM:  used avg=484 MB  max=683 MB  of 8188 MB (8.3% peak)
VRAM: used avg=49 MB  max=65 MB  of 0 MB (0.0% peak)

--- Utilization ---
GPU compute util: avg=3.5%  max=5.0%  samples=2
CPU total: usr avg=5.0% max=6.0% | sys avg=30.5% max=47.0% | samples=2

--- CPU cores ---
Per-core load (sorted by peak used %%):
  core  7: avg= 45.0%  peak= 90.0%  (usr=0.0 sys=0.0) samples=2  <- active
  core  0: avg= 22.5%  peak= 45.0%  (usr=0.0 sys=0.0) samples=2  <- active
  core  2: avg= 20.5%  peak= 41.0%  (usr=1.5 sys=28.5) samples=2  <- active
  core  8: avg= 17.0%  peak= 34.0%  (usr=0.0 sys=0.0) samples=2  <- active
  core 11: avg= 17.0%  peak= 34.0%  (usr=37.5 sys=43.0) samples=2  <- active
  core 10: avg=  8.5%  peak= 17.0%  (usr=22.0 sys=41.5) samples=2  <- active
  core  9: avg=  0.0%  peak=  0.0%  (usr=0.0 sys=0.0) samples=2
  core  6: avg=  0.0%  peak=  0.0%  (usr=0.0 sys=0.0) samples=2
  core  5: avg=  0.0%  peak=  0.0%  (usr=0.0 sys=0.0) samples=2
  core  4: avg=  0.0%  peak=  0.0%  (usr=0.0 sys=0.0) samples=2
  core  3: avg=  0.0%  peak=  0.0%  (usr=0.0 sys=0.0) samples=2
  core  1: avg=  0.0%  peak=  0.0%  (usr=0.0 sys=0.0) samples=2

Active cores (avg>=5% or peak>=20%): CPU7, CPU0, CPU2, CPU8, CPU11, CPU10
Mostly idle: CPU9, CPU6, CPU5, CPU4, CPU3, CPU1
All cores: avg used=10.9%  peak on one core=90.0%

--- Timing / overhead ---
Total wall time: 479.6 ms
Native path: no StarPU phase breakdown (total = compute + I/O)

--- Metrics files ---
  /home/nikitos/task_scheduler/results/system_heterogeneous_20260608_100532.csv
  /home/nikitos/task_scheduler/results/system_heterogeneous_20260608_100532_cores.csv
  /home/nikitos/task_scheduler/results/report/heterogeneous_native_gpu_1000.json
--- heterogeneous mode=native_gpu tasks=3000 ---
Running bench_heterogeneous with args: --mode native_gpu --tasks 3000 --light-ratio 0.5 --medium-ratio 0.3 --light-size 2048 --medium-size 16384 --heavy-size 65536 --output /home/nikitos/task_scheduler/results/report/heterogeneous_native_gpu_3000.json
System metrics -> /home/nikitos/task_scheduler/results/system_heterogeneous_20260608_100533.csv
bench_heterogeneous: tasks=3000 light=1500 medium=900 heavy=600 mode=native_gpu time=930.797 ms -> /home/nikitos/task_scheduler/results/report/heterogeneous_native_gpu_3000.json
=== Run summary ===
Scenario: heterogeneous  mode: native_gpu
Params: heavy_size=65536, light_size=2048, medium_size=16384, tasks=3000, total_elements=57139200

--- Memory ---
RAM:  used avg=611 MB  max=1263 MB  of 8188 MB (15.4% peak)
VRAM: used avg=49 MB  max=87 MB  of 0 MB (0.0% peak)

--- Utilization ---
GPU compute util: avg=3.3%  max=8.0%  samples=3
CPU total: usr avg=5.7% max=8.0% | sys avg=45.0% max=47.0% | samples=3

--- CPU cores ---
Per-core load (sorted by peak used %%):
  core  0: avg= 30.8%  peak= 90.0%  (usr=0.8 sys=8.2) samples=4  <- active
  core  2: avg= 17.5%  peak= 70.0%  (usr=0.8 sys=8.2) samples=4  <- active
  core  1: avg= 36.8%  peak= 57.0%  (usr=0.8 sys=11.2) samples=4  <- active
  core 10: avg= 24.7%  peak= 45.0%  (usr=36.7 sys=23.7) samples=3  <- active
  core  3: avg= 15.0%  peak= 45.0%  (usr=0.0 sys=0.0) samples=3  <- active
  core  9: avg=  0.0%  peak=  0.0%  (usr=0.0 sys=0.0) samples=3
  core  8: avg=  0.0%  peak=  0.0%  (usr=0.0 sys=0.0) samples=3
  core  7: avg=  0.0%  peak=  0.0%  (usr=1.0 sys=15.0) samples=3
  core  6: avg=  0.0%  peak=  0.0%  (usr=0.0 sys=0.0) samples=3
  core  5: avg=  0.0%  peak=  0.0%  (usr=0.0 sys=0.0) samples=3
  core  4: avg=  0.0%  peak=  0.0%  (usr=0.0 sys=0.0) samples=3
  core 11: avg=  0.0%  peak=  0.0%  (usr=33.3 sys=0.0) samples=3

Active cores (avg>=5% or peak>=20%): CPU0, CPU2, CPU1, CPU10, CPU3
Mostly idle: CPU9, CPU8, CPU7, CPU6, CPU5, CPU4, CPU11
All cores: avg used=11.8%  peak on one core=90.0%

--- Timing / overhead ---
Total wall time: 930.8 ms
Native path: no StarPU phase breakdown (total = compute + I/O)

--- Metrics files ---
  /home/nikitos/task_scheduler/results/system_heterogeneous_20260608_100533.csv
  /home/nikitos/task_scheduler/results/system_heterogeneous_20260608_100533_cores.csv
  /home/nikitos/task_scheduler/results/report/heterogeneous_native_gpu_3000.json
--- heterogeneous mode=native_gpu tasks=5000 ---
Running bench_heterogeneous with args: --mode native_gpu --tasks 5000 --light-ratio 0.5 --medium-ratio 0.3 --light-size 2048 --medium-size 16384 --heavy-size 65536 --output /home/nikitos/task_scheduler/results/report/heterogeneous_native_gpu_5000.json
System metrics -> /home/nikitos/task_scheduler/results/system_heterogeneous_20260608_100536.csv
bench_heterogeneous: tasks=5000 light=2500 medium=1500 heavy=1000 mode=native_gpu time=1493.478 ms -> /home/nikitos/task_scheduler/results/report/heterogeneous_native_gpu_5000.json
=== Run summary ===
Scenario: heterogeneous  mode: native_gpu
Params: heavy_size=65536, light_size=2048, medium_size=16384, tasks=5000, total_elements=95232000

--- Memory ---
RAM:  used avg=808 MB  max=1847 MB  of 8188 MB (22.6% peak)
VRAM: used avg=43 MB  max=88 MB  of 100 MB (88.0% peak)

--- Utilization ---
GPU compute util: avg=3.7%  max=8.0%  samples=6
CPU total: usr avg=4.8% max=8.0% | sys avg=55.0% max=89.0% | samples=6

--- CPU cores ---
Per-core load (sorted by peak used %%):
  core  5: avg= 20.5%  peak= 90.0%  (usr=0.5 sys=5.5) samples=6  <- active
  core  8: avg= 20.7%  peak= 79.0%  (usr=0.5 sys=7.5) samples=6  <- active
  core  3: avg= 21.2%  peak= 70.0%  (usr=0.0 sys=0.0) samples=6  <- active
  core  0: avg= 20.7%  peak= 67.0%  (usr=33.7 sys=10.3) samples=6  <- active
  core 10: avg= 34.0%  peak= 57.0%  (usr=0.0 sys=0.0) samples=6  <- active
  core  4: avg= 17.0%  peak= 57.0%  (usr=0.5 sys=7.5) samples=6  <- active
  core  9: avg= 15.0%  peak= 57.0%  (usr=0.5 sys=5.5) samples=6  <- active
  core  6: avg= 11.2%  peak= 38.0%  (usr=28.0 sys=22.2) samples=6  <- active
  core  7: avg=  5.5%  peak= 33.0%  (usr=0.5 sys=7.5) samples=6  <- active
  core  2: avg=  2.3%  peak= 14.0%  (usr=0.0 sys=0.0) samples=6
  core 11: avg=  0.0%  peak=  0.0%  (usr=0.0 sys=0.0) samples=6
  core  1: avg=  0.0%  peak=  0.0%  (usr=0.0 sys=0.0) samples=6

Active cores (avg>=5% or peak>=20%): CPU5, CPU8, CPU3, CPU0, CPU10, CPU4, CPU9, CPU6, CPU7
Mostly idle: CPU11, CPU1
All cores: avg used=14.0%  peak on one core=90.0%

--- Timing / overhead ---
Total wall time: 1493.5 ms
Native path: no StarPU phase breakdown (total = compute + I/O)

--- Metrics files ---
  /home/nikitos/task_scheduler/results/system_heterogeneous_20260608_100536.csv
  /home/nikitos/task_scheduler/results/system_heterogeneous_20260608_100536_cores.csv
  /home/nikitos/task_scheduler/results/report/heterogeneous_native_gpu_5000.json
--- heterogeneous mode=starpu_hybrid tasks=1000 ---
Running bench_heterogeneous with args: --mode starpu_hybrid --tasks 1000 --light-ratio 0.5 --medium-ratio 0.3 --light-size 2048 --medium-size 16384 --heavy-size 65536 --output /home/nikitos/task_scheduler/results/report/heterogeneous_starpu_hybrid_1000.json
System metrics -> /home/nikitos/task_scheduler/results/system_heterogeneous_20260608_100539.csv
Authorization required, but no authorization protocol specified

[starpu][_starpu_init_cuda_config] Warning: could not find location of CUDA0, do you have the hwloc CUDA plugin installed?
[starpu][__starpu_history_based_job_expected_perf] Warning: model heterogeneous_array is not calibrated enough for cuda0_impl0 (Comb1) size 1048576 footprint cc4c382e (only 0 measurements), forcing calibration for this run. Use the STARPU_CALIBRATE environment variable to control this. You probably need to run again to continue calibrating the model, until this warning disappears.
bench_heterogeneous: tasks=1000 light=500 medium=300 heavy=200 mode=starpu_hybrid time=485.912 ms -> /home/nikitos/task_scheduler/results/report/heterogeneous_starpu_hybrid_1000.json
=== Run summary ===
Scenario: heterogeneous  mode: starpu_hybrid
Params: heavy_size=65536, light_size=2048, medium_size=16384, starpu_sched=dmda, tasks=1000, total_elements=19046400

--- Memory ---
RAM:  used avg=465 MB  max=645 MB  of 8188 MB (7.9% peak)
VRAM: used avg=72 MB  max=92 MB  of 0 MB (0.0% peak)

--- Utilization ---
GPU compute util: avg=4.0%  max=6.0%  samples=2
CPU total: usr avg=21.5% max=40.0% | sys avg=54.0% max=56.0% | samples=2

--- CPU cores ---
Per-core load (sorted by peak used %%):
  core 11: avg= 75.5%  peak= 81.0%  (usr=7.0 sys=40.5) samples=2  <- active
  core  2: avg= 35.0%  peak= 70.0%  (usr=39.5 sys=15.5) samples=2  <- active
  core  8: avg= 53.5%  peak= 62.0%  (usr=20.5 sys=19.0) samples=2  <- active
  core  9: avg= 45.0%  peak= 45.0%  (usr=0.0 sys=0.0) samples=2  <- active
  core  6: avg= 22.5%  peak= 45.0%  (usr=0.0 sys=0.0) samples=2  <- active
  core  1: avg=  7.0%  peak= 14.0%  (usr=39.5 sys=15.5) samples=2  <- active
  core  7: avg=  0.0%  peak=  0.0%  (usr=0.0 sys=0.0) samples=2
  core  5: avg=  0.0%  peak=  0.0%  (usr=39.0 sys=28.5) samples=2
  core  4: avg=  0.0%  peak=  0.0%  (usr=37.5 sys=43.0) samples=2
  core  3: avg=  0.0%  peak=  0.0%  (usr=39.0 sys=28.5) samples=2
  core 10: avg=  0.0%  peak=  0.0%  (usr=0.0 sys=0.0) samples=2
  core  0: avg=  0.0%  peak=  0.0%  (usr=38.0 sys=33.5) samples=2

Active cores (avg>=5% or peak>=20%): CPU11, CPU2, CPU8, CPU9, CPU6, CPU1
Mostly idle: CPU7, CPU5, CPU4, CPU3, CPU10, CPU0
All cores: avg used=19.9%  peak on one core=81.0%

--- Timing / overhead ---
Total wall time: 485.9 ms
StarPU breakdown:
  StarPU init                     180.4 ms  (37.1%)
  Data registration                 3.5 ms  ( 0.7%)
  Task submission                   4.2 ms  ( 0.9%)
  Task wait (compute+transfer)    257.3 ms  (53.0%)
  Data unregister                  40.4 ms  ( 8.3%)
  Overhead (excl. wait)           228.6 ms  (47.0%)
  Useful wait phase               257.3 ms  (53.0%)

--- Metrics files ---
  /home/nikitos/task_scheduler/results/system_heterogeneous_20260608_100539.csv
  /home/nikitos/task_scheduler/results/system_heterogeneous_20260608_100539_cores.csv
  /home/nikitos/task_scheduler/results/report/heterogeneous_starpu_hybrid_1000.json
--- heterogeneous mode=starpu_hybrid tasks=3000 ---
Running bench_heterogeneous with args: --mode starpu_hybrid --tasks 3000 --light-ratio 0.5 --medium-ratio 0.3 --light-size 2048 --medium-size 16384 --heavy-size 65536 --output /home/nikitos/task_scheduler/results/report/heterogeneous_starpu_hybrid_3000.json
System metrics -> /home/nikitos/task_scheduler/results/system_heterogeneous_20260608_100541.csv
Authorization required, but no authorization protocol specified

[starpu][_starpu_init_cuda_config] Warning: could not find location of CUDA0, do you have the hwloc CUDA plugin installed?
[starpu][__starpu_history_based_job_expected_perf] Warning: model heterogeneous_array is not calibrated enough for cpu0_impl0 (Comb0) size 262144 footprint ba19c6f6 (only 5 measurements), forcing calibration for this run. Use the STARPU_CALIBRATE environment variable to control this. You probably need to run again to continue calibrating the model, until this warning disappears.
bench_heterogeneous: tasks=3000 light=1500 medium=900 heavy=600 mode=starpu_hybrid time=13276.100 ms -> /home/nikitos/task_scheduler/results/report/heterogeneous_starpu_hybrid_3000.json
=== Run summary ===
Scenario: heterogeneous  mode: starpu_hybrid
Params: heavy_size=65536, light_size=2048, medium_size=16384, starpu_sched=dmda, tasks=3000, total_elements=57139200

--- Memory ---
RAM:  used avg=468 MB  max=485 MB  of 8188 MB (5.9% peak)
VRAM: used avg=48 MB  max=88 MB  of 0 MB (0.0% peak)

--- Utilization ---
GPU compute util: avg=1.0%  max=8.0%  samples=23
CPU total: usr avg=46.0% max=50.0% | sys avg=33.5% max=88.0% | samples=23

--- CPU cores ---
Per-core load (sorted by peak used %%):
  core 11: avg= 26.2%  peak= 90.0%  (usr=1.3 sys=14.7) samples=23  <- active
  core  8: avg= 19.9%  peak= 90.0%  (usr=0.1 sys=2.0) samples=23  <- active
  core  6: avg= 16.5%  peak= 71.0%  (usr=0.3 sys=4.4) samples=23  <- active
  core 10: avg= 14.6%  peak= 66.0%  (usr=4.8 sys=1.5) samples=23  <- active
  core  7: avg= 12.3%  peak= 57.0%  (usr=0.0 sys=0.0) samples=23  <- active
  core  9: avg=  7.3%  peak= 45.0%  (usr=0.0 sys=0.0) samples=23  <- active
  core  0: avg=  2.9%  peak= 33.0%  (usr=91.3 sys=4.3) samples=23  <- active
  core  2: avg=  0.6%  peak= 14.0%  (usr=91.3 sys=0.0) samples=23
  core  5: avg=  0.0%  peak=  0.0%  (usr=91.3 sys=0.0) samples=23
  core  4: avg=  0.0%  peak=  0.0%  (usr=91.3 sys=0.0) samples=23
  core  3: avg=  0.0%  peak=  0.0%  (usr=91.3 sys=0.0) samples=23
  core  1: avg=  0.0%  peak=  0.0%  (usr=91.3 sys=0.0) samples=23

Active cores (avg>=5% or peak>=20%): CPU11, CPU8, CPU6, CPU10, CPU7, CPU9, CPU0
Mostly idle: CPU5, CPU4, CPU3, CPU1
All cores: avg used=8.3%  peak on one core=90.0%

--- Timing / overhead ---
Total wall time: 13276.1 ms
StarPU breakdown:
  StarPU init                     177.5 ms  ( 1.3%)
  Data registration                10.9 ms  ( 0.1%)
  Task submission                  15.1 ms  ( 0.1%)
  Task wait (compute+transfer)  13043.0 ms  (98.2%)
  Data unregister                  29.6 ms  ( 0.2%)
  Overhead (excl. wait)           233.1 ms  ( 1.8%)
  Useful wait phase             13043.0 ms  (98.2%)

--- Metrics files ---
  /home/nikitos/task_scheduler/results/system_heterogeneous_20260608_100541.csv
  /home/nikitos/task_scheduler/results/system_heterogeneous_20260608_100541_cores.csv
  /home/nikitos/task_scheduler/results/report/heterogeneous_starpu_hybrid_3000.json
--- heterogeneous mode=starpu_hybrid tasks=5000 ---
Running bench_heterogeneous with args: --mode starpu_hybrid --tasks 5000 --light-ratio 0.5 --medium-ratio 0.3 --light-size 2048 --medium-size 16384 --heavy-size 65536 --output /home/nikitos/task_scheduler/results/report/heterogeneous_starpu_hybrid_5000.json
System metrics -> /home/nikitos/task_scheduler/results/system_heterogeneous_20260608_100555.csv
Authorization required, but no authorization protocol specified

[starpu][_starpu_init_cuda_config] Warning: could not find location of CUDA0, do you have the hwloc CUDA plugin installed?
bench_heterogeneous: tasks=5000 light=2500 medium=1500 heavy=1000 mode=starpu_hybrid time=1605.232 ms -> /home/nikitos/task_scheduler/results/report/heterogeneous_starpu_hybrid_5000.json
=== Run summary ===
Scenario: heterogeneous  mode: starpu_hybrid
Params: heavy_size=65536, light_size=2048, medium_size=16384, starpu_sched=dmda, tasks=5000, total_elements=95232000

--- Memory ---
RAM:  used avg=706 MB  max=1541 MB  of 8188 MB (18.8% peak)
VRAM: used avg=62 MB  max=81 MB  of 99 MB (81.8% peak)

--- Utilization ---
GPU compute util: avg=3.3%  max=8.0%  samples=6
CPU total: usr avg=24.5% max=50.0% | sys avg=37.7% max=67.0% | samples=6

--- CPU cores ---
Per-core load (sorted by peak used %%):
  core 11: avg= 38.0%  peak= 90.0%  (usr=37.5 sys=43.2) samples=6  <- active
  core  8: avg= 33.5%  peak= 90.0%  (usr=0.5 sys=7.5) samples=6  <- active
  core  0: avg= 30.5%  peak= 90.0%  (usr=37.8 sys=9.8) samples=6  <- active
  core  2: avg= 17.3%  peak= 90.0%  (usr=44.2 sys=8.7) samples=6  <- active
  core  6: avg= 19.3%  peak= 71.0%  (usr=0.5 sys=9.5) samples=6  <- active
  core  9: avg= 20.5%  peak= 45.0%  (usr=0.0 sys=0.0) samples=6  <- active
  core  7: avg=  9.8%  peak= 45.0%  (usr=0.5 sys=5.5) samples=6  <- active
  core  4: avg=  7.5%  peak= 45.0%  (usr=43.7 sys=1.2) samples=6  <- active
  core 10: avg=  7.5%  peak= 45.0%  (usr=0.5 sys=3.8) samples=6  <- active
  core  5: avg=  4.8%  peak= 29.0%  (usr=44.0 sys=4.8) samples=6  <- active
  core  3: avg=  0.0%  peak=  0.0%  (usr=43.7 sys=1.2) samples=6
  core  1: avg=  0.0%  peak=  0.0%  (usr=44.0 sys=4.8) samples=6

Active cores (avg>=5% or peak>=20%): CPU11, CPU8, CPU0, CPU2, CPU6, CPU9, CPU7, CPU4, CPU10, CPU5
Mostly idle: CPU3, CPU1
All cores: avg used=15.7%  peak on one core=90.0%

--- Timing / overhead ---
Total wall time: 1605.2 ms
StarPU breakdown:
  StarPU init                     225.5 ms  (14.0%)
  Data registration                17.6 ms  ( 1.1%)
  Task submission                  22.0 ms  ( 1.4%)
  Task wait (compute+transfer)   1197.7 ms  (74.6%)
  Data unregister                 142.3 ms  ( 8.9%)
  Overhead (excl. wait)           407.5 ms  (25.4%)
  Useful wait phase              1197.7 ms  (74.6%)

--- Metrics files ---
  /home/nikitos/task_scheduler/results/system_heterogeneous_20260608_100555.csv
  /home/nikitos/task_scheduler/results/system_heterogeneous_20260608_100555_cores.csv
  /home/nikitos/task_scheduler/results/report/heterogeneous_starpu_hybrid_5000.json
=== image (op=blur, tile=64, mixed-ops) ===
--- image mode=native_cpu 7680x4320 ---
Running bench_image with args: --mode native_cpu --width 7680 --height 4320 --op blur --tile-size 64 --mixed-ops --output /home/nikitos/task_scheduler/results/report/image_native_cpu_7680x4320.json
System metrics -> /home/nikitos/task_scheduler/results/system_image_20260608_100559.csv
bench_image: 7680x4320 tile=64 op=blur mode=native_cpu time=252.810 ms -> /home/nikitos/task_scheduler/results/report/image_native_cpu_7680x4320.json
=== Run summary ===
Scenario: image  mode: native_cpu
Params: height=4320, mixed_ops=true, operation=blur, tile_border_policy=per_tile_simplified_borders_no_halo, tile_size=64, width=7680

--- Memory ---
RAM:  used avg=285 MB  max=285 MB  of 8188 MB (3.5% peak)
VRAM: used avg=79 MB  max=94 MB  of 0 MB (0.0% peak)

--- Utilization ---
GPU compute util: avg=2.0%  max=2.0%  samples=2
CPU total: usr avg=6.5% max=7.0% | sys avg=40.0% max=47.0% | samples=2

--- CPU cores ---
Per-core load (sorted by peak used %%):
  core  5: avg= 45.0%  peak= 90.0%  (usr=1.5 sys=22.5) samples=2  <- active
  core  9: avg= 28.5%  peak= 57.0%  (usr=0.0 sys=0.0) samples=2  <- active
  core 11: avg= 28.5%  peak= 57.0%  (usr=1.5 sys=28.5) samples=2  <- active
  core  6: avg= 22.5%  peak= 45.0%  (usr=0.0 sys=0.0) samples=2  <- active
  core  4: avg= 22.5%  peak= 45.0%  (usr=0.0 sys=0.0) samples=2  <- active
  core  2: avg= 22.5%  peak= 45.0%  (usr=0.0 sys=0.0) samples=2  <- active
  core 10: avg= 22.5%  peak= 45.0%  (usr=0.0 sys=0.0) samples=2  <- active
  core  1: avg= 14.5%  peak= 29.0%  (usr=80.0 sys=35.5) samples=2  <- active
  core  8: avg=  0.0%  peak=  0.0%  (usr=0.0 sys=0.0) samples=2
  core  7: avg=  0.0%  peak=  0.0%  (usr=0.0 sys=0.0) samples=2
  core  3: avg=  0.0%  peak=  0.0%  (usr=0.0 sys=0.0) samples=2
  core  0: avg=  0.0%  peak=  0.0%  (usr=0.0 sys=0.0) samples=2

Active cores (avg>=5% or peak>=20%): CPU5, CPU9, CPU11, CPU6, CPU4, CPU2, CPU10, CPU1
Mostly idle: CPU8, CPU7, CPU3, CPU0
All cores: avg used=17.2%  peak on one core=90.0%

--- Timing / overhead ---
Total wall time: 252.8 ms
Native path: no StarPU phase breakdown (total = compute + I/O)
Tasks/tiles: 8160

--- Metrics files ---
  /home/nikitos/task_scheduler/results/system_image_20260608_100559.csv
  /home/nikitos/task_scheduler/results/system_image_20260608_100559_cores.csv
  /home/nikitos/task_scheduler/results/report/image_native_cpu_7680x4320.json
--- image mode=native_cpu 15360x8640 ---
Running bench_image with args: --mode native_cpu --width 15360 --height 8640 --op blur --tile-size 64 --mixed-ops --output /home/nikitos/task_scheduler/results/report/image_native_cpu_15360x8640.json
System metrics -> /home/nikitos/task_scheduler/results/system_image_20260608_100600.csv
bench_image: 15360x8640 tile=64 op=blur mode=native_cpu time=999.639 ms -> /home/nikitos/task_scheduler/results/report/image_native_cpu_15360x8640.json
=== Run summary ===
Scenario: image  mode: native_cpu
Params: height=8640, mixed_ops=true, operation=blur, tile_border_policy=per_tile_simplified_borders_no_halo, tile_size=64, width=15360

--- Memory ---
RAM:  used avg=285 MB  max=285 MB  of 8188 MB (3.5% peak)
VRAM: used avg=43 MB  max=88 MB  of 0 MB (0.0% peak)

--- Utilization ---
GPU compute util: avg=2.0%  max=7.0%  samples=6
CPU total: usr avg=6.7% max=8.0% | sys avg=49.3% max=65.0% | samples=6

--- CPU cores ---
Per-core load (sorted by peak used %%):
  core  1: avg= 28.9%  peak= 90.0%  (usr=0.4 sys=4.7) samples=7  <- active
  core  7: avg= 30.0%  peak= 57.0%  (usr=0.5 sys=5.5) samples=6  <- active
  core  0: avg= 10.1%  peak= 57.0%  (usr=0.0 sys=0.0) samples=7  <- active
  core  6: avg= 22.8%  peak= 45.0%  (usr=0.0 sys=0.0) samples=6  <- active
  core  8: avg= 22.5%  peak= 45.0%  (usr=0.0 sys=0.0) samples=6  <- active
  core 11: avg= 15.0%  peak= 45.0%  (usr=0.0 sys=0.0) samples=6  <- active
  core  9: avg=  7.5%  peak= 45.0%  (usr=0.0 sys=0.0) samples=6  <- active
  core  3: avg=  6.4%  peak= 45.0%  (usr=0.0 sys=0.0) samples=7  <- active
  core 10: avg=  7.2%  peak= 43.0%  (usr=21.3 sys=9.5) samples=6  <- active
  core  4: avg=  6.1%  peak= 43.0%  (usr=64.7 sys=8.1) samples=7  <- active
  core  2: avg=  4.7%  peak= 33.0%  (usr=0.4 sys=4.7) samples=7  <- active
  core  5: avg=  0.0%  peak=  0.0%  (usr=0.0 sys=0.0) samples=7

Active cores (avg>=5% or peak>=20%): CPU1, CPU7, CPU0, CPU6, CPU8, CPU11, CPU9, CPU3, CPU10, CPU4, CPU2
Mostly idle: CPU5
All cores: avg used=13.1%  peak on one core=90.0%

--- Timing / overhead ---
Total wall time: 999.6 ms
Native path: no StarPU phase breakdown (total = compute + I/O)
Tasks/tiles: 32400

--- Metrics files ---
  /home/nikitos/task_scheduler/results/system_image_20260608_100600.csv
  /home/nikitos/task_scheduler/results/system_image_20260608_100600_cores.csv
  /home/nikitos/task_scheduler/results/report/image_native_cpu_15360x8640.json
--- image mode=native_cpu 30720x17280 ---
Running bench_image with args: --mode native_cpu --width 30720 --height 17280 --op blur --tile-size 64 --mixed-ops --output /home/nikitos/task_scheduler/results/report/image_native_cpu_30720x17280.json
System metrics -> /home/nikitos/task_scheduler/results/system_image_20260608_100604.csv
bench_image: 30720x17280 tile=64 op=blur mode=native_cpu time=3981.241 ms -> /home/nikitos/task_scheduler/results/report/image_native_cpu_30720x17280.json
=== Run summary ===
Scenario: image  mode: native_cpu
Params: height=17280, mixed_ops=true, operation=blur, tile_border_policy=per_tile_simplified_borders_no_halo, tile_size=64, width=30720

--- Memory ---
RAM:  used avg=285 MB  max=285 MB  of 8188 MB (3.5% peak)
VRAM: used avg=51 MB  max=91 MB  of 0 MB (0.0% peak)

--- Utilization ---
GPU compute util: avg=1.5%  max=8.0%  samples=25
CPU total: usr avg=7.3% max=9.0% | sys avg=46.9% max=96.0% | samples=25

--- CPU cores ---
Per-core load (sorted by peak used %%):
  core  6: avg= 26.8%  peak= 90.0%  (usr=0.6 sys=8.5) samples=25  <- active
  core  0: avg= 25.6%  peak= 90.0%  (usr=0.6 sys=8.0) samples=25  <- active
  core  7: avg= 20.8%  peak= 90.0%  (usr=0.4 sys=5.4) samples=25  <- active
  core  1: avg= 20.4%  peak= 90.0%  (usr=0.2 sys=3.6) samples=25  <- active
  core  2: avg= 15.0%  peak= 90.0%  (usr=0.1 sys=1.3) samples=25  <- active
  core  5: avg=  8.0%  peak= 90.0%  (usr=0.1 sys=1.8) samples=25  <- active
  core  9: avg=  4.8%  peak= 90.0%  (usr=49.7 sys=5.9) samples=25  <- active
  core  8: avg= 16.9%  peak= 67.0%  (usr=0.2 sys=3.1) samples=25  <- active
  core  3: avg=  5.1%  peak= 66.0%  (usr=40.8 sys=7.7) samples=25  <- active
  core 10: avg=  4.9%  peak= 45.0%  (usr=0.0 sys=0.0) samples=25  <- active
  core  4: avg=  3.1%  peak= 45.0%  (usr=0.1 sys=1.3) samples=25  <- active
  core 11: avg=  3.1%  peak= 45.0%  (usr=0.0 sys=0.0) samples=25  <- active

Active cores (avg>=5% or peak>=20%): CPU6, CPU0, CPU7, CPU1, CPU2, CPU5, CPU9, CPU8, CPU3, CPU10, CPU4, CPU11
All cores: avg used=12.9%  peak on one core=90.0%

--- Timing / overhead ---
Total wall time: 3981.2 ms
Native path: no StarPU phase breakdown (total = compute + I/O)
Tasks/tiles: 129600

--- Metrics files ---
  /home/nikitos/task_scheduler/results/system_image_20260608_100604.csv
  /home/nikitos/task_scheduler/results/system_image_20260608_100604_cores.csv
  /home/nikitos/task_scheduler/results/report/image_native_cpu_30720x17280.json
--- image mode=native_gpu 7680x4320 ---
Running bench_image with args: --mode native_gpu --width 7680 --height 4320 --op blur --tile-size 64 --mixed-ops --output /home/nikitos/task_scheduler/results/report/image_native_gpu_7680x4320.json
System metrics -> /home/nikitos/task_scheduler/results/system_image_20260608_100621.csv
bench_image: 7680x4320 tile=64 op=blur mode=native_gpu time=1383.008 ms -> /home/nikitos/task_scheduler/results/report/image_native_gpu_7680x4320.json
=== Run summary ===
Scenario: image  mode: native_gpu
Params: height=4320, mixed_ops=true, operation=blur, tile_border_policy=per_tile_simplified_borders_no_halo, tile_size=64, width=7680

--- Memory ---
RAM:  used avg=336 MB  max=389 MB  of 8188 MB (4.8% peak)
VRAM: used avg=43 MB  max=71 MB  of 34 MB (208.8% peak)

--- Utilization ---
GPU compute util: avg=4.8%  max=7.0%  samples=4
CPU total: usr avg=3.8% max=6.0% | sys avg=41.2% max=92.0% | samples=4

--- CPU cores ---
Per-core load (sorted by peak used %%):
  core 11: avg= 44.2%  peak= 97.0%  (usr=47.0 sys=41.2) samples=4  <- active
  core  7: avg= 30.8%  peak= 90.0%  (usr=0.8 sys=8.2) samples=4  <- active
  core  3: avg= 48.8%  peak= 79.0%  (usr=0.0 sys=0.0) samples=4  <- active
  core  8: avg= 25.5%  peak= 57.0%  (usr=0.0 sys=0.0) samples=4  <- active
  core  0: avg= 25.5%  peak= 57.0%  (usr=0.0 sys=0.0) samples=4  <- active
  core  6: avg= 14.2%  peak= 57.0%  (usr=0.0 sys=0.0) samples=4  <- active
  core  1: avg= 14.2%  peak= 57.0%  (usr=0.0 sys=0.0) samples=4  <- active
  core  2: avg=  8.2%  peak= 33.0%  (usr=0.8 sys=8.2) samples=4  <- active
  core  9: avg=  0.0%  peak=  0.0%  (usr=0.0 sys=0.0) samples=4
  core  5: avg=  0.0%  peak=  0.0%  (usr=0.0 sys=0.0) samples=4
  core  4: avg=  0.0%  peak=  0.0%  (usr=0.0 sys=0.0) samples=4
  core 10: avg=  0.0%  peak=  0.0%  (usr=0.0 sys=0.0) samples=4

Active cores (avg>=5% or peak>=20%): CPU11, CPU7, CPU3, CPU8, CPU0, CPU6, CPU1, CPU2
Mostly idle: CPU9, CPU5, CPU4, CPU10
All cores: avg used=17.6%  peak on one core=97.0%

--- Timing / overhead ---
Total wall time: 1383.0 ms
Native path: no StarPU phase breakdown (total = compute + I/O)
Tasks/tiles: 8160

--- Metrics files ---
  /home/nikitos/task_scheduler/results/system_image_20260608_100621.csv
  /home/nikitos/task_scheduler/results/system_image_20260608_100621_cores.csv
  /home/nikitos/task_scheduler/results/report/image_native_gpu_7680x4320.json
--- image mode=native_gpu 15360x8640 ---
Running bench_image with args: --mode native_gpu --width 15360 --height 8640 --op blur --tile-size 64 --mixed-ops --output /home/nikitos/task_scheduler/results/report/image_native_gpu_15360x8640.json
System metrics -> /home/nikitos/task_scheduler/results/system_image_20260608_100623.csv
bench_image: 15360x8640 tile=64 op=blur mode=native_gpu time=4878.419 ms -> /home/nikitos/task_scheduler/results/report/image_native_gpu_15360x8640.json
=== Run summary ===
Scenario: image  mode: native_gpu
Params: height=8640, mixed_ops=true, operation=blur, tile_border_policy=per_tile_simplified_borders_no_halo, tile_size=64, width=15360

--- Memory ---
RAM:  used avg=341 MB  max=389 MB  of 8188 MB (4.8% peak)
VRAM: used avg=55 MB  max=88 MB  of 34 MB (258.8% peak)

--- Utilization ---
GPU compute util: avg=5.0%  max=8.0%  samples=13
CPU total: usr avg=3.8% max=8.0% | sys avg=33.5% max=92.0% | samples=13

--- CPU cores ---
Per-core load (sorted by peak used %%):
  core  0: avg= 33.6%  peak= 90.0%  (usr=0.0 sys=0.0) samples=13  <- active
  core  7: avg= 32.3%  peak= 90.0%  (usr=0.2 sys=2.5) samples=13  <- active
  core  1: avg= 21.0%  peak= 90.0%  (usr=0.2 sys=2.5) samples=13  <- active
  core  2: avg=  6.9%  peak= 90.0%  (usr=0.0 sys=0.0) samples=13  <- active
  core  9: avg= 17.3%  peak= 86.0%  (usr=10.3 sys=10.9) samples=13  <- active
  core  3: avg= 16.5%  peak= 86.0%  (usr=37.5 sys=8.1) samples=13  <- active
  core  8: avg= 23.7%  peak= 57.0%  (usr=0.5 sys=6.9) samples=13  <- active
  core  6: avg=  6.9%  peak= 45.0%  (usr=0.2 sys=3.5) samples=13  <- active
  core  5: avg=  6.9%  peak= 45.0%  (usr=0.0 sys=0.0) samples=13  <- active
  core  4: avg=  6.0%  peak= 45.0%  (usr=0.0 sys=0.0) samples=13  <- active
  core 10: avg=  6.0%  peak= 45.0%  (usr=0.2 sys=2.5) samples=13  <- active
  core 11: avg=  5.7%  peak= 45.0%  (usr=0.0 sys=0.0) samples=13  <- active

Active cores (avg>=5% or peak>=20%): CPU0, CPU7, CPU1, CPU2, CPU9, CPU3, CPU8, CPU6, CPU5, CPU4, CPU10, CPU11
All cores: avg used=15.2%  peak on one core=90.0%

--- Timing / overhead ---
Total wall time: 4878.4 ms
Native path: no StarPU phase breakdown (total = compute + I/O)
Tasks/tiles: 32400

--- Metrics files ---
  /home/nikitos/task_scheduler/results/system_image_20260608_100623.csv
  /home/nikitos/task_scheduler/results/system_image_20260608_100623_cores.csv
  /home/nikitos/task_scheduler/results/report/image_native_gpu_15360x8640.json
--- image mode=native_gpu 30720x17280 ---
Running bench_image with args: --mode native_gpu --width 30720 --height 17280 --op blur --tile-size 64 --mixed-ops --output /home/nikitos/task_scheduler/results/report/image_native_gpu_30720x17280.json
System metrics -> /home/nikitos/task_scheduler/results/system_image_20260608_100631.csv
bench_image: 30720x17280 tile=64 op=blur mode=native_gpu time=19102.359 ms -> /home/nikitos/task_scheduler/results/report/image_native_gpu_30720x17280.json
=== Run summary ===
Scenario: image  mode: native_gpu
Params: height=17280, mixed_ops=true, operation=blur, tile_border_policy=per_tile_simplified_borders_no_halo, tile_size=64, width=30720

--- Memory ---
RAM:  used avg=344 MB  max=389 MB  of 8188 MB (4.8% peak)
VRAM: used avg=48 MB  max=96 MB  of 34 MB (282.4% peak)

--- Utilization ---
GPU compute util: avg=4.8%  max=9.0%  samples=49
CPU total: usr avg=4.1% max=8.0% | sys avg=41.8% max=98.0% | samples=49

--- CPU cores ---
Per-core load (sorted by peak used %%):
  core  5: avg= 11.5%  peak= 97.0%  (usr=13.9 sys=8.6) samples=49  <- active
  core 11: avg= 11.5%  peak= 97.0%  (usr=38.1 sys=10.4) samples=49  <- active
  core  0: avg= 31.2%  peak= 90.0%  (usr=0.4 sys=5.9) samples=49  <- active
  core  1: avg= 26.2%  peak= 90.0%  (usr=0.3 sys=3.9) samples=49  <- active
  core  2: avg= 21.3%  peak= 90.0%  (usr=0.2 sys=2.5) samples=49  <- active
  core  7: avg= 21.0%  peak= 90.0%  (usr=0.1 sys=0.9) samples=49  <- active
  core  6: avg= 18.4%  peak= 90.0%  (usr=0.2 sys=2.3) samples=49  <- active
  core  8: avg= 15.5%  peak= 90.0%  (usr=0.1 sys=1.8) samples=49  <- active
  core  9: avg=  9.2%  peak= 90.0%  (usr=0.2 sys=2.1) samples=49  <- active
  core  3: avg=  4.1%  peak= 79.0%  (usr=0.0 sys=0.0) samples=49  <- active
  core 10: avg=  6.4%  peak= 57.0%  (usr=0.1 sys=2.1) samples=49  <- active
  core  4: avg=  5.9%  peak= 45.0%  (usr=0.1 sys=1.4) samples=49  <- active

Active cores (avg>=5% or peak>=20%): CPU5, CPU11, CPU0, CPU1, CPU2, CPU7, CPU6, CPU8, CPU9, CPU3, CPU10, CPU4
All cores: avg used=15.2%  peak on one core=97.0%

--- Timing / overhead ---
Total wall time: 19102.4 ms
Native path: no StarPU phase breakdown (total = compute + I/O)
Tasks/tiles: 129600

--- Metrics files ---
  /home/nikitos/task_scheduler/results/system_image_20260608_100631.csv
  /home/nikitos/task_scheduler/results/system_image_20260608_100631_cores.csv
  /home/nikitos/task_scheduler/results/report/image_native_gpu_30720x17280.json
--- image mode=starpu_hybrid 7680x4320 ---
Running bench_image with args: --mode starpu_hybrid --width 7680 --height 4320 --op blur --tile-size 64 --mixed-ops --output /home/nikitos/task_scheduler/results/report/image_starpu_hybrid_7680x4320.json
System metrics -> /home/nikitos/task_scheduler/results/system_image_20260608_100703.csv
Authorization required, but no authorization protocol specified

[starpu][_starpu_init_cuda_config] Warning: could not find location of CUDA0, do you have the hwloc CUDA plugin installed?
bench_image: 7680x4320 tile=64 op=blur mode=starpu_hybrid time=344.388 ms -> /home/nikitos/task_scheduler/results/report/image_starpu_hybrid_7680x4320.json
=== Run summary ===
Scenario: image  mode: starpu_hybrid
Params: height=4320, mixed_ops=true, operation=blur, starpu_sched=dmda, tile_border_policy=per_tile_simplified_borders_no_halo, tile_size=64, width=7680

--- Memory ---
RAM:  used avg=285 MB  max=285 MB  of 8188 MB (3.5% peak)
VRAM: used avg=47 MB  max=50 MB  of 0 MB (0.0% peak)

--- Utilization ---
GPU compute util: avg=3.5%  max=4.0%  samples=2
CPU total: usr avg=8.5% max=11.0% | sys avg=47.5% max=83.0% | samples=2

--- CPU cores ---
Per-core load (sorted by peak used %%):
  core  1: avg= 45.0%  peak= 90.0%  (usr=8.5 sys=12.0) samples=2  <- active
  core 11: avg= 43.0%  peak= 86.0%  (usr=66.0 sys=7.0) samples=2  <- active
  core  2: avg= 35.0%  peak= 70.0%  (usr=8.5 sys=12.0) samples=2  <- active
  core  3: avg= 43.0%  peak= 45.0%  (usr=7.0 sys=40.5) samples=2  <- active
  core  0: avg= 34.5%  peak= 45.0%  (usr=1.5 sys=22.5) samples=2  <- active
  core  8: avg= 22.5%  peak= 45.0%  (usr=0.0 sys=0.0) samples=2  <- active
  core  7: avg= 22.5%  peak= 45.0%  (usr=0.0 sys=0.0) samples=2  <- active
  core  6: avg= 22.5%  peak= 45.0%  (usr=0.0 sys=0.0) samples=2  <- active
  core  9: avg=  0.0%  peak=  0.0%  (usr=0.0 sys=0.0) samples=2
  core  5: avg=  0.0%  peak=  0.0%  (usr=8.5 sys=12.0) samples=2
  core  4: avg=  0.0%  peak=  0.0%  (usr=7.0 sys=40.5) samples=2
  core 10: avg=  0.0%  peak=  0.0%  (usr=0.0 sys=0.0) samples=2

Active cores (avg>=5% or peak>=20%): CPU1, CPU11, CPU2, CPU3, CPU0, CPU8, CPU7, CPU6
Mostly idle: CPU9, CPU5, CPU4, CPU10
All cores: avg used=22.3%  peak on one core=90.0%

--- Timing / overhead ---
Total wall time: 344.4 ms
StarPU breakdown:
  StarPU init                     189.0 ms  (54.9%)
  Data registration                79.5 ms  (23.1%)
  Task submission                  34.1 ms  ( 9.9%)
  Task wait (compute+transfer)     11.8 ms  ( 3.4%)
  Unregister + copyback            29.6 ms  ( 8.6%)
  Overhead (excl. wait)           332.2 ms  (96.4%)
  Useful wait phase                11.8 ms  ( 3.4%)
Tasks/tiles: 8160

--- Metrics files ---
  /home/nikitos/task_scheduler/results/system_image_20260608_100703.csv
  /home/nikitos/task_scheduler/results/system_image_20260608_100703_cores.csv
  /home/nikitos/task_scheduler/results/report/image_starpu_hybrid_7680x4320.json
--- image mode=starpu_hybrid 15360x8640 ---
Running bench_image with args: --mode starpu_hybrid --width 15360 --height 8640 --op blur --tile-size 64 --mixed-ops --output /home/nikitos/task_scheduler/results/report/image_starpu_hybrid_15360x8640.json
System metrics -> /home/nikitos/task_scheduler/results/system_image_20260608_100705.csv
Authorization required, but no authorization protocol specified

[starpu][_starpu_init_cuda_config] Warning: could not find location of CUDA0, do you have the hwloc CUDA plugin installed?
bench_image: 15360x8640 tile=64 op=blur mode=starpu_hybrid time=835.604 ms -> /home/nikitos/task_scheduler/results/report/image_starpu_hybrid_15360x8640.json
=== Run summary ===
Scenario: image  mode: starpu_hybrid
Params: height=8640, mixed_ops=true, operation=blur, starpu_sched=dmda, tile_border_policy=per_tile_simplified_borders_no_halo, tile_size=64, width=15360

--- Memory ---
RAM:  used avg=288 MB  max=303 MB  of 8188 MB (3.7% peak)
VRAM: used avg=58 MB  max=87 MB  of 0 MB (0.0% peak)

--- Utilization ---
GPU compute util: avg=2.7%  max=7.0%  samples=6
CPU total: usr avg=13.8% max=49.0% | sys avg=53.3% max=72.0% | samples=6

--- CPU cores ---
Per-core load (sorted by peak used %%):
  core  6: avg= 45.5%  peak= 90.0%  (usr=1.0 sys=11.3) samples=6  <- active
  core  4: avg= 14.3%  peak= 86.0%  (usr=88.7 sys=2.3) samples=6  <- active
  core 11: avg= 13.8%  peak= 83.0%  (usr=2.8 sys=4.0) samples=6  <- active
  core  7: avg= 24.7%  peak= 70.0%  (usr=0.0 sys=0.0) samples=6  <- active
  core  8: avg= 24.5%  peak= 57.0%  (usr=0.0 sys=0.0) samples=6  <- active
  core  9: avg=  7.5%  peak= 45.0%  (usr=0.5 sys=5.5) samples=6  <- active
  core  5: avg=  7.5%  peak= 45.0%  (usr=16.7 sys=0.0) samples=6  <- active
  core  2: avg= 11.2%  peak= 34.0%  (usr=17.2 sys=5.5) samples=6  <- active
  core  1: avg=  9.7%  peak= 34.0%  (usr=16.7 sys=0.0) samples=6  <- active
  core  0: avg=  2.3%  peak= 14.0%  (usr=11.2 sys=14.3) samples=6
  core  3: avg=  0.0%  peak=  0.0%  (usr=16.7 sys=0.0) samples=6
  core 10: avg=  0.0%  peak=  0.0%  (usr=0.5 sys=5.5) samples=6

Active cores (avg>=5% or peak>=20%): CPU6, CPU4, CPU11, CPU7, CPU8, CPU9, CPU5, CPU2, CPU1
Mostly idle: CPU3, CPU10
All cores: avg used=13.4%  peak on one core=90.0%

--- Timing / overhead ---
Total wall time: 835.6 ms
StarPU breakdown:
  StarPU init                     229.4 ms  (27.5%)
  Data registration               314.8 ms  (37.7%)
  Task submission                 136.6 ms  (16.4%)
  Task wait (compute+transfer)     38.3 ms  ( 4.6%)
  Unregister + copyback           111.8 ms  (13.4%)
  Overhead (excl. wait)           792.6 ms  (94.9%)
  Useful wait phase                38.3 ms  ( 4.6%)
Tasks/tiles: 32400

--- Metrics files ---
  /home/nikitos/task_scheduler/results/system_image_20260608_100705.csv
  /home/nikitos/task_scheduler/results/system_image_20260608_100705_cores.csv
  /home/nikitos/task_scheduler/results/report/image_starpu_hybrid_15360x8640.json
--- image mode=starpu_hybrid 30720x17280 ---
Running bench_image with args: --mode starpu_hybrid --width 30720 --height 17280 --op blur --tile-size 64 --mixed-ops --output /home/nikitos/task_scheduler/results/report/image_starpu_hybrid_30720x17280.json
System metrics -> /home/nikitos/task_scheduler/results/system_image_20260608_100709.csv
Authorization required, but no authorization protocol specified

[starpu][_starpu_init_cuda_config] Warning: could not find location of CUDA0, do you have the hwloc CUDA plugin installed?
bench_image: 30720x17280 tile=64 op=blur mode=starpu_hybrid time=2649.516 ms -> /home/nikitos/task_scheduler/results/report/image_starpu_hybrid_30720x17280.json
=== Run summary ===
Scenario: image  mode: starpu_hybrid
Params: height=17280, mixed_ops=true, operation=blur, starpu_sched=dmda, tile_border_policy=per_tile_simplified_borders_no_halo, tile_size=64, width=30720

--- Memory ---
RAM:  used avg=307 MB  max=483 MB  of 8188 MB (5.9% peak)
VRAM: used avg=51 MB  max=88 MB  of 25 MB (352.0% peak)

--- Utilization ---
GPU compute util: avg=2.1%  max=9.0%  samples=24
CPU total: usr avg=15.2% max=58.0% | sys avg=45.0% max=83.0% | samples=24

--- CPU cores ---
Per-core load (sorted by peak used %%):
  core  0: avg= 19.1%  peak= 97.0%  (usr=14.0 sys=3.4) samples=24  <- active
  core  7: avg= 42.2%  peak= 90.0%  (usr=0.8 sys=9.2) samples=24  <- active
  core  8: avg= 31.4%  peak= 90.0%  (usr=0.4 sys=5.1) samples=24  <- active
  core  6: avg= 24.4%  peak= 90.0%  (usr=0.4 sys=5.1) samples=24  <- active
  core  1: avg= 16.0%  peak= 90.0%  (usr=17.0 sys=5.1) samples=24  <- active
  core 11: avg= 10.0%  peak= 90.0%  (usr=50.0 sys=14.1) samples=24  <- active
  core  2: avg=  6.1%  peak= 90.0%  (usr=16.9 sys=4.2) samples=24  <- active
  core 10: avg= 14.0%  peak= 45.0%  (usr=0.2 sys=2.8) samples=24  <- active
  core  9: avg=  3.8%  peak= 45.0%  (usr=0.0 sys=0.0) samples=24  <- active
  core  4: avg=  3.8%  peak= 45.0%  (usr=16.8 sys=1.9) samples=24  <- active
  core  3: avg=  1.4%  peak= 33.0%  (usr=16.8 sys=1.4) samples=24  <- active
  core  5: avg=  0.0%  peak=  0.0%  (usr=53.6 sys=0.9) samples=24

Active cores (avg>=5% or peak>=20%): CPU0, CPU7, CPU8, CPU6, CPU1, CPU11, CPU2, CPU10, CPU9, CPU4, CPU3
Mostly idle: CPU5
All cores: avg used=14.3%  peak on one core=97.0%

--- Timing / overhead ---
Total wall time: 2649.5 ms
StarPU breakdown:
  StarPU init                     228.5 ms  ( 8.6%)
  Data registration              1256.3 ms  (47.4%)
  Task submission                 547.6 ms  (20.7%)
  Task wait (compute+transfer)    165.2 ms  ( 6.2%)
  Unregister + copyback           432.3 ms  (16.3%)
  Overhead (excl. wait)          2464.7 ms  (93.0%)
  Useful wait phase               165.2 ms  ( 6.2%)
Tasks/tiles: 129600

--- Metrics files ---
  /home/nikitos/task_scheduler/results/system_image_20260608_100709.csv
  /home/nikitos/task_scheduler/results/system_image_20260608_100709_cores.csv
  /home/nikitos/task_scheduler/results/report/image_starpu_hybrid_30720x17280.json
Finished пн 08 июнь 2026 10:07:24 MSK
JSON count: 36
